Archive member included to satisfy reference by file (symbol)

C:/ST/STM32CubeIDE_2.1.1/STM32CubeIDE/plugins/com.st.stm32cube.ide.mcu.externaltools.gnu-tools-for-stm32.14.3.rel1.win32_1.0.100.202602081740/tools/bin/../lib/gcc/arm-none-eabi/14.3.1/../../../../arm-none-eabi/lib/thumb/v7e-m+dp/hard\libc_nano.a(libc_a-exit.o)
                              C:/ST/STM32CubeIDE_2.1.1/STM32CubeIDE/plugins/com.st.stm32cube.ide.mcu.externaltools.gnu-tools-for-stm32.14.3.rel1.win32_1.0.100.202602081740/tools/bin/../lib/gcc/arm-none-eabi/14.3.1/../../../../arm-none-eabi/lib/thumb/v7e-m+dp/hard/crt0.o (exit)
C:/ST/STM32CubeIDE_2.1.1/STM32CubeIDE/plugins/com.st.stm32cube.ide.mcu.externaltools.gnu-tools-for-stm32.14.3.rel1.win32_1.0.100.202602081740/tools/bin/../lib/gcc/arm-none-eabi/14.3.1/../../../../arm-none-eabi/lib/thumb/v7e-m+dp/hard\libc_nano.a(libc_a-findfp.o)
                              C:/ST/STM32CubeIDE_2.1.1/STM32CubeIDE/plugins/com.st.stm32cube.ide.mcu.externaltools.gnu-tools-for-stm32.14.3.rel1.win32_1.0.100.202602081740/tools/bin/../lib/gcc/arm-none-eabi/14.3.1/../../../../arm-none-eabi/lib/thumb/v7e-m+dp/hard\libc_nano.a(libc_a-exit.o) (__stdio_exit_handler)
C:/ST/STM32CubeIDE_2.1.1/STM32CubeIDE/plugins/com.st.stm32cube.ide.mcu.externaltools.gnu-tools-for-stm32.14.3.rel1.win32_1.0.100.202602081740/tools/bin/../lib/gcc/arm-none-eabi/14.3.1/../../../../arm-none-eabi/lib/thumb/v7e-m+dp/hard\libc_nano.a(libc_a-fwalk.o)
                              C:/ST/STM32CubeIDE_2.1.1/STM32CubeIDE/plugins/com.st.stm32cube.ide.mcu.externaltools.gnu-tools-for-stm32.14.3.rel1.win32_1.0.100.202602081740/tools/bin/../lib/gcc/arm-none-eabi/14.3.1/../../../../arm-none-eabi/lib/thumb/v7e-m+dp/hard\libc_nano.a(libc_a-findfp.o) (_fwalk_sglue)
C:/ST/STM32CubeIDE_2.1.1/STM32CubeIDE/plugins/com.st.stm32cube.ide.mcu.externaltools.gnu-tools-for-stm32.14.3.rel1.win32_1.0.100.202602081740/tools/bin/../lib/gcc/arm-none-eabi/14.3.1/../../../../arm-none-eabi/lib/thumb/v7e-m+dp/hard\libc_nano.a(libc_a-puts.o)
                              ./Application/User/Core/main.o (puts)
C:/ST/STM32CubeIDE_2.1.1/STM32CubeIDE/plugins/com.st.stm32cube.ide.mcu.externaltools.gnu-tools-for-stm32.14.3.rel1.win32_1.0.100.202602081740/tools/bin/../lib/gcc/arm-none-eabi/14.3.1/../../../../arm-none-eabi/lib/thumb/v7e-m+dp/hard\libc_nano.a(libc_a-stdio.o)
                              C:/ST/STM32CubeIDE_2.1.1/STM32CubeIDE/plugins/com.st.stm32cube.ide.mcu.externaltools.gnu-tools-for-stm32.14.3.rel1.win32_1.0.100.202602081740/tools/bin/../lib/gcc/arm-none-eabi/14.3.1/../../../../arm-none-eabi/lib/thumb/v7e-m+dp/hard\libc_nano.a(libc_a-findfp.o) (__sread)
C:/ST/STM32CubeIDE_2.1.1/STM32CubeIDE/plugins/com.st.stm32cube.ide.mcu.externaltools.gnu-tools-for-stm32.14.3.rel1.win32_1.0.100.202602081740/tools/bin/../lib/gcc/arm-none-eabi/14.3.1/../../../../arm-none-eabi/lib/thumb/v7e-m+dp/hard\libc_nano.a(libc_a-wbuf.o)
                              C:/ST/STM32CubeIDE_2.1.1/STM32CubeIDE/plugins/com.st.stm32cube.ide.mcu.externaltools.gnu-tools-for-stm32.14.3.rel1.win32_1.0.100.202602081740/tools/bin/../lib/gcc/arm-none-eabi/14.3.1/../../../../arm-none-eabi/lib/thumb/v7e-m+dp/hard\libc_nano.a(libc_a-puts.o) (__swbuf_r)
C:/ST/STM32CubeIDE_2.1.1/STM32CubeIDE/plugins/com.st.stm32cube.ide.mcu.externaltools.gnu-tools-for-stm32.14.3.rel1.win32_1.0.100.202602081740/tools/bin/../lib/gcc/arm-none-eabi/14.3.1/../../../../arm-none-eabi/lib/thumb/v7e-m+dp/hard\libc_nano.a(libc_a-wsetup.o)
                              C:/ST/STM32CubeIDE_2.1.1/STM32CubeIDE/plugins/com.st.stm32cube.ide.mcu.externaltools.gnu-tools-for-stm32.14.3.rel1.win32_1.0.100.202602081740/tools/bin/../lib/gcc/arm-none-eabi/14.3.1/../../../../arm-none-eabi/lib/thumb/v7e-m+dp/hard\libc_nano.a(libc_a-puts.o) (__swsetup_r)
C:/ST/STM32CubeIDE_2.1.1/STM32CubeIDE/plugins/com.st.stm32cube.ide.mcu.externaltools.gnu-tools-for-stm32.14.3.rel1.win32_1.0.100.202602081740/tools/bin/../lib/gcc/arm-none-eabi/14.3.1/../../../../arm-none-eabi/lib/thumb/v7e-m+dp/hard\libc_nano.a(libc_a-memset.o)
                              C:/ST/STM32CubeIDE_2.1.1/STM32CubeIDE/plugins/com.st.stm32cube.ide.mcu.externaltools.gnu-tools-for-stm32.14.3.rel1.win32_1.0.100.202602081740/tools/bin/../lib/gcc/arm-none-eabi/14.3.1/../../../../arm-none-eabi/lib/thumb/v7e-m+dp/hard/crt0.o (memset)
C:/ST/STM32CubeIDE_2.1.1/STM32CubeIDE/plugins/com.st.stm32cube.ide.mcu.externaltools.gnu-tools-for-stm32.14.3.rel1.win32_1.0.100.202602081740/tools/bin/../lib/gcc/arm-none-eabi/14.3.1/../../../../arm-none-eabi/lib/thumb/v7e-m+dp/hard\libc_nano.a(libc_a-closer.o)
                              C:/ST/STM32CubeIDE_2.1.1/STM32CubeIDE/plugins/com.st.stm32cube.ide.mcu.externaltools.gnu-tools-for-stm32.14.3.rel1.win32_1.0.100.202602081740/tools/bin/../lib/gcc/arm-none-eabi/14.3.1/../../../../arm-none-eabi/lib/thumb/v7e-m+dp/hard\libc_nano.a(libc_a-stdio.o) (_close_r)
[...]
Memory Configuration

Name             Origin             Length             Attributes
RAM_D1           0x24000000         0x00080000         xrw
FLASH            0x08000000         0x00100000         xr
DTCMRAM          0x20000000         0x00020000         xrw
RAM_D2           0x30000000         0x00048000         xrw
RAM_D3           0x38000000         0x00010000         xrw
ITCMRAM          0x00000000         0x00010000         xrw
*default*        0x00000000         0xffffffff

Linker script and memory map

LOAD C:/ST/STM32CubeIDE_2.1.1/STM32CubeIDE/plugins/com.st.stm32cube.ide.mcu.externaltools.gnu-tools-for-stm32.14.3.rel1.win32_1.0.100.202602081740/tools/bin/../lib/gcc/arm-none-eabi/14.3.1/thumb/v7e-m+dp/hard/crti.o
LOAD C:/ST/STM32CubeIDE_2.1.1/STM32CubeIDE/plugins/com.st.stm32cube.ide.mcu.externaltools.gnu-tools-for-stm32.14.3.rel1.win32_1.0.100.202602081740/tools/bin/../lib/gcc/arm-none-eabi/14.3.1/thumb/v7e-m+dp/hard/crtbegin.o
LOAD C:/ST/STM32CubeIDE_2.1.1/STM32CubeIDE/plugins/com.st.stm32cube.ide.mcu.externaltools.gnu-tools-for-stm32.14.3.rel1.win32_1.0.100.202602081740/tools/bin/../lib/gcc/arm-none-eabi/14.3.1/../../../../arm-none-eabi/lib/thumb/v7e-m+dp/hard/crt0.o
LOAD ./Application/User/Core/gpio.o
LOAD ./Application/User/Core/main.o
LOAD ./Application/User/Core/stm32h7xx_hal_msp.o
LOAD ./Application/User/Core/stm32h7xx_it.o
LOAD ./Application/User/Core/syscalls.o
LOAD ./Application/User/Core/sysmem.o
LOAD ./Application/User/Core/usart.o
LOAD ./Application/User/Startup/startup_stm32h755zitx.o
LOAD ./Drivers/CMSIS/system_stm32h7xx_dualcore_boot_cm4_cm7.o
LOAD ./Drivers/STM32H7xx_HAL_Driver/stm32h7xx_hal.o
LOAD ./Drivers/STM32H7xx_HAL_Driver/stm32h7xx_hal_cortex.o
LOAD ./Drivers/STM32H7xx_HAL_Driver/stm32h7xx_hal_dma.o
LOAD ./Drivers/STM32H7xx_HAL_Driver/stm32h7xx_hal_dma_ex.o
LOAD ./Drivers/STM32H7xx_HAL_Driver/stm32h7xx_hal_exti.o
LOAD ./Drivers/STM32H7xx_HAL_Driver/stm32h7xx_hal_flash.o
LOAD ./Drivers/STM32H7xx_HAL_Driver/stm32h7xx_hal_flash_ex.o
LOAD ./Drivers/STM32H7xx_HAL_Driver/stm32h7xx_hal_gpio.o
LOAD ./Drivers/STM32H7xx_HAL_Driver/stm32h7xx_hal_hsem.o
LOAD ./Drivers/STM32H7xx_HAL_Driver/stm32h7xx_hal_i2c.o
LOAD ./Drivers/STM32H7xx_HAL_Driver/stm32h7xx_hal_i2c_ex.o
LOAD ./Drivers/STM32H7xx_HAL_Driver/stm32h7xx_hal_mdma.o
LOAD ./Drivers/STM32H7xx_HAL_Driver/stm32h7xx_hal_pwr.o
LOAD ./Drivers/STM32H7xx_HAL_Driver/stm32h7xx_hal_pwr_ex.o
LOAD ./Drivers/STM32H7xx_HAL_Driver/stm32h7xx_hal_rcc.o
LOAD ./Drivers/STM32H7xx_HAL_Driver/stm32h7xx_hal_rcc_ex.o
LOAD ./Drivers/STM32H7xx_HAL_Driver/stm32h7xx_hal_tim.o
LOAD ./Drivers/STM32H7xx_HAL_Driver/stm32h7xx_hal_tim_ex.o
LOAD ./Drivers/STM32H7xx_HAL_Driver/stm32h7xx_hal_uart.o
LOAD ./Drivers/STM32H7xx_HAL_Driver/stm32h7xx_hal_uart_ex.o
START GROUP
LOAD C:/ST/STM32CubeIDE_2.1.1/STM32CubeIDE/plugins/com.st.stm32cube.ide.mcu.externaltools.gnu-tools-for-stm32.14.3.rel1.win32_1.0.100.202602081740/tools/bin/../lib/gcc/arm-none-eabi/14.3.1/../../../../arm-none-eabi/lib/thumb/v7e-m+dp/hard\libc_nano.a
LOAD C:/ST/STM32CubeIDE_2.1.1/STM32CubeIDE/plugins/com.st.stm32cube.ide.mcu.externaltools.gnu-tools-for-stm32.14.3.rel1.win32_1.0.100.202602081740/tools/bin/../lib/gcc/arm-none-eabi/14.3.1/../../../../arm-none-eabi/lib/thumb/v7e-m+dp/hard\libm.a
END GROUP
START GROUP
LOAD C:/ST/STM32CubeIDE_2.1.1/STM32CubeIDE/plugins/com.st.stm32cube.ide.mcu.externaltools.gnu-tools-for-stm32.14.3.rel1.win32_1.0.100.202602081740/tools/bin/../lib/gcc/arm-none-eabi/14.3.1/thumb/v7e-m+dp/hard\libgcc.a
LOAD C:/ST/STM32CubeIDE_2.1.1/STM32CubeIDE/plugins/com.st.stm32cube.ide.mcu.externaltools.gnu-tools-for-stm32.14.3.rel1.win32_1.0.100.202602081740/tools/bin/../lib/gcc/arm-none-eabi/14.3.1/../../../../arm-none-eabi/lib/thumb/v7e-m+dp/hard\libc_nano.a
END GROUP
START GROUP
LOAD C:/ST/STM32CubeIDE_2.1.1/STM32CubeIDE/plugins/com.st.stm32cube.ide.mcu.externaltools.gnu-tools-for-stm32.14.3.rel1.win32_1.0.100.202602081740/tools/bin/../lib/gcc/arm-none-eabi/14.3.1/thumb/v7e-m+dp/hard\libgcc.a
LOAD C:/ST/STM32CubeIDE_2.1.1/STM32CubeIDE/plugins/com.st.stm32cube.ide.mcu.externaltools.gnu-tools-for-stm32.14.3.rel1.win32_1.0.100.202602081740/tools/bin/../lib/gcc/arm-none-eabi/14.3.1/../../../../arm-none-eabi/lib/thumb/v7e-m+dp/hard\libc_nano.a
LOAD C:/ST/STM32CubeIDE_2.1.1/STM32CubeIDE/plugins/com.st.stm32cube.ide.mcu.externaltools.gnu-tools-for-stm32.14.3.rel1.win32_1.0.100.202602081740/tools/bin/../lib/gcc/arm-none-eabi/14.3.1/../../../../arm-none-eabi/lib/thumb/v7e-m+dp/hard\libnosys.a
END GROUP
START GROUP
LOAD C:/ST/STM32CubeIDE_2.1.1/STM32CubeIDE/plugins/com.st.stm32cube.ide.mcu.externaltools.gnu-tools-for-stm32.14.3.rel1.win32_1.0.100.202602081740/tools/bin/../lib/gcc/arm-none-eabi/14.3.1/thumb/v7e-m+dp/hard\libgcc.a
LOAD C:/ST/STM32CubeIDE_2.1.1/STM32CubeIDE/plugins/com.st.stm32cube.ide.mcu.externaltools.gnu-tools-for-stm32.14.3.rel1.win32_1.0.100.202602081740/tools/bin/../lib/gcc/arm-none-eabi/14.3.1/../../../../arm-none-eabi/lib/thumb/v7e-m+dp/hard\libc_nano.a
LOAD C:/ST/STM32CubeIDE_2.1.1/STM32CubeIDE/plugins/com.st.stm32cube.ide.mcu.externaltools.gnu-tools-for-stm32.14.3.rel1.win32_1.0.100.202602081740/tools/bin/../lib/gcc/arm-none-eabi/14.3.1/../../../../arm-none-eabi/lib/thumb/v7e-m+dp/hard\libnosys.a
END GROUP
LOAD C:/ST/STM32CubeIDE_2.1.1/STM32CubeIDE/plugins/com.st.stm32cube.ide.mcu.externaltools.gnu-tools-for-stm32.14.3.rel1.win32_1.0.100.202602081740/tools/bin/../lib/gcc/arm-none-eabi/14.3.1/thumb/v7e-m+dp/hard/crtend.o
LOAD C:/ST/STM32CubeIDE_2.1.1/STM32CubeIDE/plugins/com.st.stm32cube.ide.mcu.externaltools.gnu-tools-for-stm32.14.3.rel1.win32_1.0.100.202602081740/tools/bin/../lib/gcc/arm-none-eabi/14.3.1/thumb/v7e-m+dp/hard/crtn.o
                0x24080000                        _estack = (ORIGIN (RAM_D1) + LENGTH (RAM_D1))
                0x00000200                        _Min_Heap_Size = 0x200
                0x00000400                        _Min_Stack_Size = 0x400

.isr_vector     0x08000000      0x298
                0x08000000                        . = ALIGN (0x4)
 *(.isr_vector)
 .isr_vector    0x08000000      0x298 ./Application/User/Startup/startup_stm32h755zitx.o
                0x08000000                g_pfnVectors
                0x08000298                        . = ALIGN (0x4)

.text           0x08000298     0x6ff0
                0x08000298                        . = ALIGN (0x4)
 *(.text)
 .text          0x08000298       0x40 C:/ST/STM32CubeIDE_2.1.1/STM32CubeIDE/plugins/com.st.stm32cube.ide.mcu.externaltools.gnu-tools-for-stm32.14.3.rel1.win32_1.0.100.202602081740/tools/bin/../lib/gcc/arm-none-eabi/14.3.1/thumb/v7e-m+dp/hard/crtbegin.o
 .text          0x080002d8       0x30 C:/ST/STM32CubeIDE_2.1.1/STM32CubeIDE/plugins/com.st.stm32cube.ide.mcu.externaltools.gnu-tools-for-stm32.14.3.rel1.win32_1.0.100.202602081740/tools/bin/../lib/gcc/arm-none-eabi/14.3.1/thumb/v7e-m+dp/hard\libgcc.a(_aeabi_uldivmod.o)
                0x080002d8                __aeabi_uldivmod
 .text          0x08000308      0x2f8 C:/ST/STM32CubeIDE_2.1.1/STM32CubeIDE/plugins/com.st.stm32cube.ide.mcu.externaltools.gnu-tools-for-stm32.14.3.rel1.win32_1.0.100.202602081740/tools/bin/../lib/gcc/arm-none-eabi/14.3.1/thumb/v7e-m+dp/hard\libgcc.a(_udivmoddi4.o)
                0x08000308                __udivmoddi4
 .text          0x08000600        0x4 C:/ST/STM32CubeIDE_2.1.1/STM32CubeIDE/plugins/com.st.stm32cube.ide.mcu.externaltools.gnu-tools-for-stm32.14.3.rel1.win32_1.0.100.202602081740/tools/bin/../lib/gcc/arm-none-eabi/14.3.1/thumb/v7e-m+dp/hard\libgcc.a(_dvmd_tls.o)
                0x08000600                __aeabi_idiv0
                0x08000600                __aeabi_ldiv0
 *(.text*)
 .text.MX_GPIO_Init
                0x08000604       0x34 ./Application/User/Core/gpio.o
                0x08000604                MX_GPIO_Init
 .text.main     0x08000638       0xb0 ./Application/User/Core/main.o
                0x08000638                main
 .text.SystemClock_Config
                0x080006e8       0xf4 ./Application/User/Core/main.o
                0x080006e8                SystemClock_Config
 .text.__io_putchar
                0x080007dc       0x24 ./Application/User/Core/main.o
                0x080007dc                __io_putchar
 .text._write   0x08000800       0x38 ./Application/User/Core/main.o
                0x08000800                _write
 .text.MPU_Config
                0x08000838       0x58 ./Application/User/Core/main.o
 .text.Error_Handler
                0x08000890        0xc ./Application/User/Core/main.o
                0x08000890                Error_Handler
 .text.HAL_MspInit
                0x0800089c       0x34 ./Application/User/Core/stm32h7xx_hal_msp.o
                0x0800089c                HAL_MspInit
 .text.NMI_Handler
                0x080008d0        0x8 ./Application/User/Core/stm32h7xx_it.o
                0x080008d0                NMI_Handler
 .text.HardFault_Handler
                0x080008d8        0x8 ./Application/User/Core/stm32h7xx_it.o
                0x080008d8                HardFault_Handler
 .text.MemManage_Handler
                0x080008e0        0x8 ./Application/User/Core/stm32h7xx_it.o
                0x080008e0                MemManage_Handler
 .text.BusFault_Handler
                0x080008e8        0x8 ./Application/User/Core/stm32h7xx_it.o
                0x080008e8                BusFault_Handler
 .text.UsageFault_Handler
                0x080008f0        0x8 ./Application/User/Core/stm32h7xx_it.o
                0x080008f0                UsageFault_Handler
 .text.SVC_Handler
                0x080008f8        0xe ./Application/User/Core/stm32h7xx_it.o
                0x080008f8                SVC_Handler
 .text.DebugMon_Handler
                0x08000906        0xe ./Application/User/Core/stm32h7xx_it.o
                0x08000906                DebugMon_Handler
 .text.PendSV_Handler
                0x08000914        0xe ./Application/User/Core/stm32h7xx_it.o
                0x08000914                PendSV_Handler
 .text.SysTick_Handler
                0x08000922        0xc ./Application/User/Core/stm32h7xx_it.o
                0x08000922                SysTick_Handler
 *fill*         0x0800092e        0x2 
 .text.USART3_IRQHandler
                0x08000930       0x14 ./Application/User/Core/stm32h7xx_it.o
                0x08000930                USART3_IRQHandler
 .text._read    0x08000944       0x3a ./Application/User/Core/syscalls.o
                0x08000944                _read
 .text._close   0x0800097e       0x18 ./Application/User/Core/syscalls.o
                0x0800097e                _close
 .text._fstat   0x08000996       0x20 ./Application/User/Core/syscalls.o
                0x08000996                _fstat
 .text._isatty  0x080009b6       0x16 ./Application/User/Core/syscalls.o
                0x080009b6                _isatty
 .text._lseek   0x080009cc       0x1a ./Application/User/Core/syscalls.o
                0x080009cc                _lseek
 *fill*         0x080009e6        0x2 
 .text._sbrk    0x080009e8       0x6c ./Application/User/Core/sysmem.o
                0x080009e8                _sbrk
 .text.MX_USART3_UART_Init
                0x08000a54       0x98 ./Application/User/Core/usart.o
                0x08000a54                MX_USART3_UART_Init
 .text.HAL_UART_MspInit
                0x08000aec       0xe4 ./Application/User/Core/usart.o
                0x08000aec                HAL_UART_MspInit
 .text.Reset_Handler
                0x08000bd0       0x54 ./Application/User/Startup/startup_stm32h755zitx.o
                0x08000bd0                Reset_Handler
 .text.Default_Handler
                0x08000c24        0x2 ./Application/User/Startup/startup_stm32h755zitx.o
                0x08000c24                RTC_Alarm_IRQHandler
                0x08000c24                HASH_RNG_IRQHandler
                0x08000c24                EXTI2_IRQHandler
                0x08000c24                TIM8_CC_IRQHandler
                0x08000c24                HRTIM1_Master_IRQHandler
                0x08000c24                UART8_IRQHandler
                0x08000c24                SPI4_IRQHandler
                0x08000c24                TIM1_CC_IRQHandler
                0x08000c24                BDMA_Channel6_IRQHandler
                0x08000c24                DMA2_Stream5_IRQHandler
                0x08000c24                HRTIM1_FLT_IRQHandler
                0x08000c24                JPEG_IRQHandler
                0x08000c24                DMA1_Stream5_IRQHandler
                0x08000c24                BDMA_Channel1_IRQHandler
                0x08000c24                HRTIM1_TIMD_IRQHandler
                0x08000c24                TAMP_STAMP_IRQHandler
                0x08000c24                EXTI3_IRQHandler
                0x08000c24                LPTIM4_IRQHandler
                0x08000c24                TIM8_TRG_COM_TIM14_IRQHandler
                0x08000c24                LPTIM2_IRQHandler
                0x08000c24                DFSDM1_FLT1_IRQHandler
                0x08000c24                DMAMUX2_OVR_IRQHandler
                0x08000c24                TIM8_UP_TIM13_IRQHandler
                0x08000c24                I2C3_ER_IRQHandler
                0x08000c24                DFSDM1_FLT2_IRQHandler
                0x08000c24                MDMA_IRQHandler
                0x08000c24                LPTIM3_IRQHandler
                0x08000c24                HSEM1_IRQHandler
                0x08000c24                EXTI0_IRQHandler
                0x08000c24                I2C2_EV_IRQHandler
                0x08000c24                DMA1_Stream2_IRQHandler
                0x08000c24                FPU_IRQHandler
                0x08000c24                OTG_HS_WKUP_IRQHandler
                0x08000c24                FDCAN1_IT1_IRQHandler
                0x08000c24                LTDC_ER_IRQHandler
                0x08000c24                DMA2_Stream2_IRQHandler
                0x08000c24                HRTIM1_TIME_IRQHandler
                0x08000c24                SPI1_IRQHandler
                0x08000c24                TIM6_DAC_IRQHandler
                0x08000c24                DCMI_IRQHandler
                0x08000c24                HRTIM1_TIMC_IRQHandler
                0x08000c24                DMA2_Stream3_IRQHandler
                0x08000c24                SAI2_IRQHandler
                0x08000c24                DFSDM1_FLT3_IRQHandler
                0x08000c24                USART6_IRQHandler
                0x08000c24                TIM17_IRQHandler
                0x08000c24                BDMA_Channel7_IRQHandler
                0x08000c24                CRYP_IRQHandler
                0x08000c24                LPTIM5_IRQHandler
                0x08000c24                UART5_IRQHandler
                0x08000c24                ADC3_IRQHandler
                0x08000c24                DMA2_Stream0_IRQHandler
                0x08000c24                TIM4_IRQHandler
                0x08000c24                BDMA_Channel2_IRQHandler
                0x08000c24                QUADSPI_IRQHandler
                0x08000c24                I2C1_EV_IRQHandler
                0x08000c24                DMA1_Stream6_IRQHandler
                0x08000c24                DMAMUX1_OVR_IRQHandler
                0x08000c24                DMA1_Stream1_IRQHandler
                0x08000c24                TIM16_IRQHandler
                0x08000c24                UART4_IRQHandler
                0x08000c24                BDMA_Channel5_IRQHandler
                0x08000c24                TIM3_IRQHandler
                0x08000c24                RCC_IRQHandler
                0x08000c24                TIM8_BRK_TIM12_IRQHandler
                0x08000c24                TIM1_TRG_COM_IRQHandler
                0x08000c24                Default_Handler
                0x08000c24                ECC_IRQHandler
                0x08000c24                CEC_IRQHandler
                0x08000c24                EXTI15_10_IRQHandler
                0x08000c24                BDMA_Channel0_IRQHandler
                0x08000c24                ADC_IRQHandler
                0x08000c24                DMA1_Stream7_IRQHandler
                0x08000c24                HRTIM1_TIMA_IRQHandler
                0x08000c24                SPI5_IRQHandler
                0x08000c24                TIM7_IRQHandler
                0x08000c24                SDMMC1_IRQHandler
                0x08000c24                TIM5_IRQHandler
                0x08000c24                DMA2_Stream7_IRQHandler
                0x08000c24                TIM15_IRQHandler
                0x08000c24                PVD_AVD_IRQHandler
                0x08000c24                I2C3_EV_IRQHandler
                0x08000c24                EXTI9_5_IRQHandler
                0x08000c24                RTC_WKUP_IRQHandler
                0x08000c24                LTDC_IRQHandler
                0x08000c24                SAI3_IRQHandler
                0x08000c24                ETH_WKUP_IRQHandler
                0x08000c24                SPDIF_RX_IRQHandler
                0x08000c24                SPI2_IRQHandler
                0x08000c24                OTG_HS_EP1_IN_IRQHandler
                0x08000c24                DMA1_Stream0_IRQHandler
                0x08000c24                CRS_IRQHandler
                0x08000c24                CM7_SEV_IRQHandler
                0x08000c24                EXTI4_IRQHandler
                0x08000c24                CM4_SEV_IRQHandler
                0x08000c24                HRTIM1_TIMB_IRQHandler
                0x08000c24                FDCAN2_IT1_IRQHandler
                0x08000c24                ETH_IRQHandler
                0x08000c24                TIM1_UP_IRQHandler
                0x08000c24                WWDG_RST_IRQHandler
                0x08000c24                BDMA_Channel4_IRQHandler
                0x08000c24                OTG_HS_EP1_OUT_IRQHandler
                0x08000c24                WWDG_IRQHandler
                0x08000c24                SPI6_IRQHandler
                0x08000c24                MDIOS_IRQHandler
                0x08000c24                I2C4_EV_IRQHandler
                0x08000c24                FDCAN2_IT0_IRQHandler
                0x08000c24                LPUART1_IRQHandler
                0x08000c24                FDCAN1_IT0_IRQHandler
                0x08000c24                TIM2_IRQHandler
                0x08000c24                OTG_FS_WKUP_IRQHandler
                0x08000c24                OTG_HS_IRQHandler
                0x08000c24                HSEM2_IRQHandler
                0x08000c24                DMA2D_IRQHandler
                0x08000c24                TIM1_BRK_IRQHandler
                0x08000c24                EXTI1_IRQHandler
                0x08000c24                SDMMC2_IRQHandler
                0x08000c24                OTG_FS_EP1_OUT_IRQHandler
                0x08000c24                BDMA_Channel3_IRQHandler
                0x08000c24                HOLD_CORE_IRQHandler
                0x08000c24                UART7_IRQHandler
                0x08000c24                MDIOS_WKUP_IRQHandler
                0x08000c24                USART2_IRQHandler
                0x08000c24                DFSDM1_FLT0_IRQHandler
                0x08000c24                SAI4_IRQHandler
                0x08000c24                I2C2_ER_IRQHandler
                0x08000c24                DMA2_Stream1_IRQHandler
                0x08000c24                FLASH_IRQHandler
                0x08000c24                DMA2_Stream4_IRQHandler
                0x08000c24                USART1_IRQHandler
                0x08000c24                OTG_FS_IRQHandler
                0x08000c24                SPI3_IRQHandler
                0x08000c24                WAKEUP_PIN_IRQHandler
                0x08000c24                DMA1_Stream4_IRQHandler
                0x08000c24                OTG_FS_EP1_IN_IRQHandler
                0x08000c24                I2C1_ER_IRQHandler
                0x08000c24                FMC_IRQHandler
                0x08000c24                FDCAN_CAL_IRQHandler
                0x08000c24                SWPMI1_IRQHandler
                0x08000c24                COMP1_IRQHandler
                0x08000c24                LPTIM1_IRQHandler
                0x08000c24                I2C4_ER_IRQHandler
                0x08000c24                DMA2_Stream6_IRQHandler
                0x08000c24                SAI1_IRQHandler
                0x08000c24                DMA1_Stream3_IRQHandler
 *fill*         0x08000c26        0x2 
 .text.SystemInit
                0x08000c28      0x15c ./Drivers/CMSIS/system_stm32h7xx_dualcore_boot_cm4_cm7.o
                0x08000c28                SystemInit
 .text.ExitRun0Mode
                0x08000d84       0x18 ./Drivers/CMSIS/system_stm32h7xx_dualcore_boot_cm4_cm7.o
                0x08000d84                ExitRun0Mode
 .text.HAL_Init
                0x08000d9c       0x78 ./Drivers/STM32H7xx_HAL_Driver/stm32h7xx_hal.o
                0x08000d9c                HAL_Init
 .text.HAL_InitTick
                0x08000e14       0x6c ./Drivers/STM32H7xx_HAL_Driver/stm32h7xx_hal.o
                0x08000e14                HAL_InitTick
 .text.HAL_IncTick
                0x08000e80       0x28 ./Drivers/STM32H7xx_HAL_Driver/stm32h7xx_hal.o
                0x08000e80                HAL_IncTick
 .text.HAL_GetTick
                0x08000ea8       0x18 ./Drivers/STM32H7xx_HAL_Driver/stm32h7xx_hal.o
                0x08000ea8                HAL_GetTick
 .text.HAL_Delay
                0x08000ec0       0x48 ./Drivers/STM32H7xx_HAL_Driver/stm32h7xx_hal.o
                0x08000ec0                HAL_Delay
 .text.HAL_GetREVID
                0x08000f08       0x18 ./Drivers/STM32H7xx_HAL_Driver/stm32h7xx_hal.o
                0x08000f08                HAL_GetREVID
 .text.__NVIC_SetPriorityGrouping
                0x08000f20       0x48 ./Drivers/STM32H7xx_HAL_Driver/stm32h7xx_hal_cortex.o
 .text.__NVIC_GetPriorityGrouping
                0x08000f68       0x1c ./Drivers/STM32H7xx_HAL_Driver/stm32h7xx_hal_cortex.o
 .text.__NVIC_EnableIRQ
                0x08000f84       0x3c ./Drivers/STM32H7xx_HAL_Driver/stm32h7xx_hal_cortex.o
 .text.__NVIC_SetPriority
                0x08000fc0       0x54 ./Drivers/STM32H7xx_HAL_Driver/stm32h7xx_hal_cortex.o
 .text.NVIC_EncodePriority
                0x08001014       0x66 ./Drivers/STM32H7xx_HAL_Driver/stm32h7xx_hal_cortex.o
 *fill*         0x0800107a        0x2 
 .text.SysTick_Config
                0x0800107c       0x44 ./Drivers/STM32H7xx_HAL_Driver/stm32h7xx_hal_cortex.o
 .text.HAL_NVIC_SetPriorityGrouping
                0x080010c0       0x16 ./Drivers/STM32H7xx_HAL_Driver/stm32h7xx_hal_cortex.o
                0x080010c0                HAL_NVIC_SetPriorityGrouping
 .text.HAL_NVIC_SetPriority
                0x080010d6       0x34 ./Drivers/STM32H7xx_HAL_Driver/stm32h7xx_hal_cortex.o
                0x080010d6                HAL_NVIC_SetPriority
 .text.HAL_NVIC_EnableIRQ
                0x0800110a       0x1c ./Drivers/STM32H7xx_HAL_Driver/stm32h7xx_hal_cortex.o
                0x0800110a                HAL_NVIC_EnableIRQ
 .text.HAL_SYSTICK_Config
                0x08001126       0x18 ./Drivers/STM32H7xx_HAL_Driver/stm32h7xx_hal_cortex.o
                0x08001126                HAL_SYSTICK_Config
 *fill*         0x0800113e        0x2 
 .text.HAL_MPU_Disable
                0x08001140       0x30 ./Drivers/STM32H7xx_HAL_Driver/stm32h7xx_hal_cortex.o
                0x08001140                HAL_MPU_Disable
 .text.HAL_MPU_Enable
                0x08001170       0x40 ./Drivers/STM32H7xx_HAL_Driver/stm32h7xx_hal_cortex.o
                0x08001170                HAL_MPU_Enable
 .text.HAL_MPU_ConfigRegion
                0x080011b0       0x80 ./Drivers/STM32H7xx_HAL_Driver/stm32h7xx_hal_cortex.o
                0x080011b0                HAL_MPU_ConfigRegion
 .text.HAL_DMA_Abort
                0x08001230      0x63c ./Drivers/STM32H7xx_HAL_Driver/stm32h7xx_hal_dma.o
                0x08001230                HAL_DMA_Abort
 .text.HAL_DMA_Abort_IT
                0x0800186c      0x48c ./Drivers/STM32H7xx_HAL_Driver/stm32h7xx_hal_dma.o
                0x0800186c                HAL_DMA_Abort_IT
 .text.HAL_GPIO_Init
                0x08001cf8      0x374 ./Drivers/STM32H7xx_HAL_Driver/stm32h7xx_hal_gpio.o
                0x08001cf8                HAL_GPIO_Init
 .text.HAL_HSEM_FastTake
                0x0800206c       0x34 ./Drivers/STM32H7xx_HAL_Driver/stm32h7xx_hal_hsem.o
                0x0800206c                HAL_HSEM_FastTake
 .text.HAL_HSEM_Release
                0x080020a0       0x28 ./Drivers/STM32H7xx_HAL_Driver/stm32h7xx_hal_hsem.o
                0x080020a0                HAL_HSEM_Release
 .text.HAL_PWREx_ConfigSupply
                0x080020c8       0xb4 ./Drivers/STM32H7xx_HAL_Driver/stm32h7xx_hal_pwr_ex.o
                0x080020c8                HAL_PWREx_ConfigSupply
 .text.HAL_RCC_OscConfig
                0x0800217c      0x8b4 ./Drivers/STM32H7xx_HAL_Driver/stm32h7xx_hal_rcc.o
                0x0800217c                HAL_RCC_OscConfig
 .text.HAL_RCC_ClockConfig
                0x08002a30      0x36c ./Drivers/STM32H7xx_HAL_Driver/stm32h7xx_hal_rcc.o
                0x08002a30                HAL_RCC_ClockConfig
 .text.HAL_RCC_GetSysClockFreq
                0x08002d9c      0x2f4 ./Drivers/STM32H7xx_HAL_Driver/stm32h7xx_hal_rcc.o
                0x08002d9c                HAL_RCC_GetSysClockFreq
 .text.HAL_RCC_GetHCLKFreq
                0x08003090       0x60 ./Drivers/STM32H7xx_HAL_Driver/stm32h7xx_hal_rcc.o
                0x08003090                HAL_RCC_GetHCLKFreq
 .text.HAL_RCC_GetPCLK1Freq
                0x080030f0       0x2c ./Drivers/STM32H7xx_HAL_Driver/stm32h7xx_hal_rcc.o
                0x080030f0                HAL_RCC_GetPCLK1Freq
 .text.HAL_RCC_GetPCLK2Freq
                0x0800311c       0x2c ./Drivers/STM32H7xx_HAL_Driver/stm32h7xx_hal_rcc.o
                0x0800311c                HAL_RCC_GetPCLK2Freq
 .text.HAL_RCCEx_PeriphCLKConfig
                0x08003148     0x1414 ./Drivers/STM32H7xx_HAL_Driver/stm32h7xx_hal_rcc_ex.o
                0x08003148                HAL_RCCEx_PeriphCLKConfig
 .text.HAL_RCCEx_GetD3PCLK1Freq
                0x0800455c       0x2c ./Drivers/STM32H7xx_HAL_Driver/stm32h7xx_hal_rcc_ex.o
                0x0800455c                HAL_RCCEx_GetD3PCLK1Freq
 .text.HAL_RCCEx_GetPLL2ClockFreq
                0x08004588      0x2a8 ./Drivers/STM32H7xx_HAL_Driver/stm32h7xx_hal_rcc_ex.o
                0x08004588                HAL_RCCEx_GetPLL2ClockFreq
 .text.HAL_RCCEx_GetPLL3ClockFreq
                0x08004830      0x2a8 ./Drivers/STM32H7xx_HAL_Driver/stm32h7xx_hal_rcc_ex.o
                0x08004830                HAL_RCCEx_GetPLL3ClockFreq
 .text.RCCEx_PLL2_Config
                0x08004ad8      0x164 ./Drivers/STM32H7xx_HAL_Driver/stm32h7xx_hal_rcc_ex.o
 .text.RCCEx_PLL3_Config
                0x08004c3c      0x164 ./Drivers/STM32H7xx_HAL_Driver/stm32h7xx_hal_rcc_ex.o
 .text.HAL_UART_Init
                0x08004da0       0xa0 ./Drivers/STM32H7xx_HAL_Driver/stm32h7xx_hal_uart.o
                0x08004da0                HAL_UART_Init
 .text.HAL_UART_Transmit
                0x08004e40      0x132 ./Drivers/STM32H7xx_HAL_Driver/stm32h7xx_hal_uart.o
                0x08004e40                HAL_UART_Transmit
 *fill*         0x08004f72        0x2 
 .text.HAL_UART_IRQHandler
                0x08004f74      0x7ac ./Drivers/STM32H7xx_HAL_Driver/stm32h7xx_hal_uart.o
                0x08004f74                HAL_UART_IRQHandler
 .text.HAL_UART_TxCpltCallback
                0x08005720       0x14 ./Drivers/STM32H7xx_HAL_Driver/stm32h7xx_hal_uart.o
                0x08005720                HAL_UART_TxCpltCallback
 .text.HAL_UART_ErrorCallback
                0x08005734       0x14 ./Drivers/STM32H7xx_HAL_Driver/stm32h7xx_hal_uart.o
                0x08005734                HAL_UART_ErrorCallback
 .text.HAL_UARTEx_RxEventCallback
                0x08005748       0x18 ./Drivers/STM32H7xx_HAL_Driver/stm32h7xx_hal_uart.o
                0x08005748                HAL_UARTEx_RxEventCallback
 .text.UART_SetConfig
                0x08005760      0xad0 ./Drivers/STM32H7xx_HAL_Driver/stm32h7xx_hal_uart.o
                0x08005760                UART_SetConfig
 .text.UART_AdvFeatureConfig
                0x08006230      0x144 ./Drivers/STM32H7xx_HAL_Driver/stm32h7xx_hal_uart.o
                0x08006230                UART_AdvFeatureConfig
 .text.UART_CheckIdleState
                0x08006374      0x154 ./Drivers/STM32H7xx_HAL_Driver/stm32h7xx_hal_uart.o
                0x08006374                UART_CheckIdleState
 .text.UART_WaitOnFlagUntilTimeout
                0x080064c8       0xda ./Drivers/STM32H7xx_HAL_Driver/stm32h7xx_hal_uart.o
                0x080064c8                UART_WaitOnFlagUntilTimeout
 *fill*         0x080065a2        0x2 
 .text.UART_EndRxTransfer
                0x080065a4       0xcc ./Drivers/STM32H7xx_HAL_Driver/stm32h7xx_hal_uart.o
 .text.UART_DMAAbortOnError
                0x08006670       0x1c ./Drivers/STM32H7xx_HAL_Driver/stm32h7xx_hal_uart.o
 .text.UART_EndTransmit_IT
                0x0800668c       0x56 ./Drivers/STM32H7xx_HAL_Driver/stm32h7xx_hal_uart.o
 .text.HAL_UARTEx_WakeupCallback
                0x080066e2       0x14 ./Drivers/STM32H7xx_HAL_Driver/stm32h7xx_hal_uart_ex.o
                0x080066e2                HAL_UARTEx_WakeupCallback
 .text.HAL_UARTEx_RxFifoFullCallback
                0x080066f6       0x14 ./Drivers/STM32H7xx_HAL_Driver/stm32h7xx_hal_uart_ex.o
                0x080066f6                HAL_UARTEx_RxFifoFullCallback
 .text.HAL_UARTEx_TxFifoEmptyCallback
                0x0800670a       0x14 ./Drivers/STM32H7xx_HAL_Driver/stm32h7xx_hal_uart_ex.o
                0x0800670a                HAL_UARTEx_TxFifoEmptyCallback
 .text.HAL_UARTEx_DisableFifoMode
                0x0800671e       0x72 ./Drivers/STM32H7xx_HAL_Driver/stm32h7xx_hal_uart_ex.o
                0x0800671e                HAL_UARTEx_DisableFifoMode
 .text.HAL_UARTEx_SetTxFifoThreshold
                0x08006790       0x7c ./Drivers/STM32H7xx_HAL_Driver/stm32h7xx_hal_uart_ex.o
                0x08006790                HAL_UARTEx_SetTxFifoThreshold
 .text.HAL_UARTEx_SetRxFifoThreshold
                0x0800680c       0x7c ./Drivers/STM32H7xx_HAL_Driver/stm32h7xx_hal_uart_ex.o
                0x0800680c                HAL_UARTEx_SetRxFifoThreshold
 .text.UARTEx_SetNbDataToProcess
                0x08006888       0x9c ./Drivers/STM32H7xx_HAL_Driver/stm32h7xx_hal_uart_ex.o
 .text.std      0x08006924       0x6c C:/ST/STM32CubeIDE_2.1.1/STM32CubeIDE/plugins/com.st.stm32cube.ide.mcu.externaltools.gnu-tools-for-stm32.14.3.rel1.win32_1.0.100.202602081740/tools/bin/../lib/gcc/arm-none-eabi/14.3.1/../../../../arm-none-eabi/lib/thumb/v7e-m+dp/hard\libc_nano.a(libc_a-findfp.o)
 .text.stdio_exit_handler
                0x08006990       0x18 C:/ST/STM32CubeIDE_2.1.1/STM32CubeIDE/plugins/com.st.stm32cube.ide.mcu.externaltools.gnu-tools-for-stm32.14.3.rel1.win32_1.0.100.202602081740/tools/bin/../lib/gcc/arm-none-eabi/14.3.1/../../../../arm-none-eabi/lib/thumb/v7e-m+dp/hard\libc_nano.a(libc_a-findfp.o)
 .text.cleanup_stdio
                0x080069a8       0x40 C:/ST/STM32CubeIDE_2.1.1/STM32CubeIDE/plugins/com.st.stm32cube.ide.mcu.externaltools.gnu-tools-for-stm32.14.3.rel1.win32_1.0.100.202602081740/tools/bin/../lib/gcc/arm-none-eabi/14.3.1/../../../../arm-none-eabi/lib/thumb/v7e-m+dp/hard\libc_nano.a(libc_a-findfp.o)
 .text.global_stdio_init.part.0
                0x080069e8       0x40 C:/ST/STM32CubeIDE_2.1.1/STM32CubeIDE/plugins/com.st.stm32cube.ide.mcu.externaltools.gnu-tools-for-stm32.14.3.rel1.win32_1.0.100.202602081740/tools/bin/../lib/gcc/arm-none-eabi/14.3.1/../../../../arm-none-eabi/lib/thumb/v7e-m+dp/hard\libc_nano.a(libc_a-findfp.o)
 .text.__sfp_lock_acquire
                0x08006a28        0xc C:/ST/STM32CubeIDE_2.1.1/STM32CubeIDE/plugins/com.st.stm32cube.ide.mcu.externaltools.gnu-tools-for-stm32.14.3.rel1.win32_1.0.100.202602081740/tools/bin/../lib/gcc/arm-none-eabi/14.3.1/../../../../arm-none-eabi/lib/thumb/v7e-m+dp/hard\libc_nano.a(libc_a-findfp.o)
                0x08006a28                __sfp_lock_acquire
 .text.__sfp_lock_release
                0x08006a34        0xc C:/ST/STM32CubeIDE_2.1.1/STM32CubeIDE/plugins/com.st.stm32cube.ide.mcu.externaltools.gnu-tools-for-stm32.14.3.rel1.win32_1.0.100.202602081740/tools/bin/../lib/gcc/arm-none-eabi/14.3.1/../../../../arm-none-eabi/lib/thumb/v7e-m+dp/hard\libc_nano.a(libc_a-findfp.o)
                0x08006a34                __sfp_lock_release
 .text.__sinit  0x08006a40       0x30 C:/ST/STM32CubeIDE_2.1.1/STM32CubeIDE/plugins/com.st.stm32cube.ide.mcu.externaltools.gnu-tools-for-stm32.14.3.rel1.win32_1.0.100.202602081740/tools/bin/../lib/gcc/arm-none-eabi/14.3.1/../../../../arm-none-eabi/lib/thumb/v7e-m+dp/hard\libc_nano.a(libc_a-findfp.o)
                0x08006a40                __sinit
 .text._fwalk_sglue
                0x08006a70       0x3c C:/ST/STM32CubeIDE_2.1.1/STM32CubeIDE/plugins/com.st.stm32cube.ide.mcu.externaltools.gnu-tools-for-stm32.14.3.rel1.win32_1.0.100.202602081740/tools/bin/../lib/gcc/arm-none-eabi/14.3.1/../../../../arm-none-eabi/lib/thumb/v7e-m+dp/hard\libc_nano.a(libc_a-fwalk.o)
                0x08006a70                _fwalk_sglue
 .text._puts_r  0x08006aac       0xaa C:/ST/STM32CubeIDE_2.1.1/STM32CubeIDE/plugins/com.st.stm32cube.ide.mcu.externaltools.gnu-tools-for-stm32.14.3.rel1.win32_1.0.100.202602081740/tools/bin/../lib/gcc/arm-none-eabi/14.3.1/../../../../arm-none-eabi/lib/thumb/v7e-m+dp/hard\libc_nano.a(libc_a-puts.o)
                0x08006aac                _puts_r
 *fill*         0x08006b56        0x2 
 .text.puts     0x08006b58       0x10 C:/ST/STM32CubeIDE_2.1.1/STM32CubeIDE/plugins/com.st.stm32cube.ide.mcu.externaltools.gnu-tools-for-stm32.14.3.rel1.win32_1.0.100.202602081740/tools/bin/../lib/gcc/arm-none-eabi/14.3.1/../../../../arm-none-eabi/lib/thumb/v7e-m+dp/hard\libc_nano.a(libc_a-puts.o)
                0x08006b58                puts
 .text.__sread  0x08006b68       0x22 C:/ST/STM32CubeIDE_2.1.1/STM32CubeIDE/plugins/com.st.stm32cube.ide.mcu.externaltools.gnu-tools-for-stm32.14.3.rel1.win32_1.0.100.202602081740/tools/bin/../lib/gcc/arm-none-eabi/14.3.1/../../../../arm-none-eabi/lib/thumb/v7e-m+dp/hard\libc_nano.a(libc_a-stdio.o)
                0x08006b68                __sread
 .text.__swrite
                0x08006b8a       0x38 C:/ST/STM32CubeIDE_2.1.1/STM32CubeIDE/plugins/com.st.stm32cube.ide.mcu.externaltools.gnu-tools-for-stm32.14.3.rel1.win32_1.0.100.202602081740/tools/bin/../lib/gcc/arm-none-eabi/14.3.1/../../../../arm-none-eabi/lib/thumb/v7e-m+dp/hard\libc_nano.a(libc_a-stdio.o)
                0x08006b8a                __swrite
 .text.__sseek  0x08006bc2       0x26 C:/ST/STM32CubeIDE_2.1.1/STM32CubeIDE/plugins/com.st.stm32cube.ide.mcu.externaltools.gnu-tools-for-stm32.14.3.rel1.win32_1.0.100.202602081740/tools/bin/../lib/gcc/arm-none-eabi/14.3.1/../../../../arm-none-eabi/lib/thumb/v7e-m+dp/hard\libc_nano.a(libc_a-stdio.o)
                0x08006bc2                __sseek
 .text.__sclose
                0x08006be8        0x8 C:/ST/STM32CubeIDE_2.1.1/STM32CubeIDE/plugins/com.st.stm32cube.ide.mcu.externaltools.gnu-tools-for-stm32.14.3.rel1.win32_1.0.100.202602081740/tools/bin/../lib/gcc/arm-none-eabi/14.3.1/../../../../arm-none-eabi/lib/thumb/v7e-m+dp/hard\libc_nano.a(libc_a-stdio.o)
                0x08006be8                __sclose
 .text.__swbuf_r
                0x08006bf0       0x7c C:/ST/STM32CubeIDE_2.1.1/STM32CubeIDE/plugins/com.st.stm32cube.ide.mcu.externaltools.gnu-tools-for-stm32.14.3.rel1.win32_1.0.100.202602081740/tools/bin/../lib/gcc/arm-none-eabi/14.3.1/../../../../arm-none-eabi/lib/thumb/v7e-m+dp/hard\libc_nano.a(libc_a-wbuf.o)
                0x08006bf0                __swbuf_r
 .text.__swsetup_r
                0x08006c6c       0xa8 C:/ST/STM32CubeIDE_2.1.1/STM32CubeIDE/plugins/com.st.stm32cube.ide.mcu.externaltools.gnu-tools-for-stm32.14.3.rel1.win32_1.0.100.202602081740/tools/bin/../lib/gcc/arm-none-eabi/14.3.1/../../../../arm-none-eabi/lib/thumb/v7e-m+dp/hard\libc_nano.a(libc_a-wsetup.o)
                0x08006c6c                __swsetup_r
 .text.memset   0x08006d14       0x10 C:/ST/STM32CubeIDE_2.1.1/STM32CubeIDE/plugins/com.st.stm32cube.ide.mcu.externaltools.gnu-tools-for-stm32.14.3.rel1.win32_1.0.100.202602081740/tools/bin/../lib/gcc/arm-none-eabi/14.3.1/../../../../arm-none-eabi/lib/thumb/v7e-m+dp/hard\libc_nano.a(libc_a-memset.o)
                0x08006d14                memset
 .text._close_r
                0x08006d24       0x20 C:/ST/STM32CubeIDE_2.1.1/STM32CubeIDE/plugins/com.st.stm32cube.ide.mcu.externaltools.gnu-tools-for-stm32.14.3.rel1.win32_1.0.100.202602081740/tools/bin/../lib/gcc/arm-none-eabi/14.3.1/../../../../arm-none-eabi/lib/thumb/v7e-m+dp/hard\libc_nano.a(libc_a-closer.o)
                0x08006d24                _close_r
 .text._lseek_r
                0x08006d44       0x24 C:/ST/STM32CubeIDE_2.1.1/STM32CubeIDE/plugins/com.st.stm32cube.ide.mcu.externaltools.gnu-tools-for-stm32.14.3.rel1.win32_1.0.100.202602081740/tools/bin/../lib/gcc/arm-none-eabi/14.3.1/../../../../arm-none-eabi/lib/thumb/v7e-m+dp/hard\libc_nano.a(libc_a-lseekr.o)
                0x08006d44                _lseek_r
 .text._read_r  0x08006d68       0x24 C:/ST/STM32CubeIDE_2.1.1/STM32CubeIDE/plugins/com.st.stm32cube.ide.mcu.externaltools.gnu-tools-for-stm32.14.3.rel1.win32_1.0.100.202602081740/tools/bin/../lib/gcc/arm-none-eabi/14.3.1/../../../../arm-none-eabi/lib/thumb/v7e-m+dp/hard\libc_nano.a(libc_a-readr.o)
                0x08006d68                _read_r
 .text._write_r
                0x08006d8c       0x24 C:/ST/STM32CubeIDE_2.1.1/STM32CubeIDE/plugins/com.st.stm32cube.ide.mcu.externaltools.gnu-tools-for-stm32.14.3.rel1.win32_1.0.100.202602081740/tools/bin/../lib/gcc/arm-none-eabi/14.3.1/../../../../arm-none-eabi/lib/thumb/v7e-m+dp/hard\libc_nano.a(libc_a-writer.o)
                0x08006d8c                _write_r
 .text.__errno  0x08006db0        0xc C:/ST/STM32CubeIDE_2.1.1/STM32CubeIDE/plugins/com.st.stm32cube.ide.mcu.externaltools.gnu-tools-for-stm32.14.3.rel1.win32_1.0.100.202602081740/tools/bin/../lib/gcc/arm-none-eabi/14.3.1/../../../../arm-none-eabi/lib/thumb/v7e-m+dp/hard\libc_nano.a(libc_a-errno.o)
                0x08006db0                __errno
 .text.__libc_init_array
                0x08006dbc       0x48 C:/ST/STM32CubeIDE_2.1.1/STM32CubeIDE/plugins/com.st.stm32cube.ide.mcu.externaltools.gnu-tools-for-stm32.14.3.rel1.win32_1.0.100.202602081740/tools/bin/../lib/gcc/arm-none-eabi/14.3.1/../../../../arm-none-eabi/lib/thumb/v7e-m+dp/hard\libc_nano.a(libc_a-init.o)
                0x08006dbc                __libc_init_array
 .text.__retarget_lock_init_recursive
                0x08006e04        0x2 C:/ST/STM32CubeIDE_2.1.1/STM32CubeIDE/plugins/com.st.stm32cube.ide.mcu.externaltools.gnu-tools-for-stm32.14.3.rel1.win32_1.0.100.202602081740/tools/bin/../lib/gcc/arm-none-eabi/14.3.1/../../../../arm-none-eabi/lib/thumb/v7e-m+dp/hard\libc_nano.a(libc_a-lock.o)
                0x08006e04                __retarget_lock_init_recursive
 .text.__retarget_lock_acquire_recursive
                0x08006e06        0x2 C:/ST/STM32CubeIDE_2.1.1/STM32CubeIDE/plugins/com.st.stm32cube.ide.mcu.externaltools.gnu-tools-for-stm32.14.3.rel1.win32_1.0.100.202602081740/tools/bin/../lib/gcc/arm-none-eabi/14.3.1/../../../../arm-none-eabi/lib/thumb/v7e-m+dp/hard\libc_nano.a(libc_a-lock.o)
                0x08006e06                __retarget_lock_acquire_recursive
 .text.__retarget_lock_release_recursive
                0x08006e08        0x2 C:/ST/STM32CubeIDE_2.1.1/STM32CubeIDE/plugins/com.st.stm32cube.ide.mcu.externaltools.gnu-tools-for-stm32.14.3.rel1.win32_1.0.100.202602081740/tools/bin/../lib/gcc/arm-none-eabi/14.3.1/../../../../arm-none-eabi/lib/thumb/v7e-m+dp/hard\libc_nano.a(libc_a-lock.o)
                0x08006e08                __retarget_lock_release_recursive
 *fill*         0x08006e0a        0x2 
 .text._free_r  0x08006e0c       0x94 C:/ST/STM32CubeIDE_2.1.1/STM32CubeIDE/plugins/com.st.stm32cube.ide.mcu.externaltools.gnu-tools-for-stm32.14.3.rel1.win32_1.0.100.202602081740/tools/bin/../lib/gcc/arm-none-eabi/14.3.1/../../../../arm-none-eabi/lib/thumb/v7e-m+dp/hard\libc_nano.a(libc_a-freer.o)
                0x08006e0c                _free_r
 .text.sbrk_aligned
                0x08006ea0       0x44 C:/ST/STM32CubeIDE_2.1.1/STM32CubeIDE/plugins/com.st.stm32cube.ide.mcu.externaltools.gnu-tools-for-stm32.14.3.rel1.win32_1.0.100.202602081740/tools/bin/../lib/gcc/arm-none-eabi/14.3.1/../../../../arm-none-eabi/lib/thumb/v7e-m+dp/hard\libc_nano.a(libc_a-mallocr.o)
 .text._malloc_r
                0x08006ee4      0x100 C:/ST/STM32CubeIDE_2.1.1/STM32CubeIDE/plugins/com.st.stm32cube.ide.mcu.externaltools.gnu-tools-for-stm32.14.3.rel1.win32_1.0.100.202602081740/tools/bin/../lib/gcc/arm-none-eabi/14.3.1/../../../../arm-none-eabi/lib/thumb/v7e-m+dp/hard\libc_nano.a(libc_a-mallocr.o)
                0x08006ee4                _malloc_r
 .text.__malloc_lock
                0x08006fe4        0xc C:/ST/STM32CubeIDE_2.1.1/STM32CubeIDE/plugins/com.st.stm32cube.ide.mcu.externaltools.gnu-tools-for-stm32.14.3.rel1.win32_1.0.100.202602081740/tools/bin/../lib/gcc/arm-none-eabi/14.3.1/../../../../arm-none-eabi/lib/thumb/v7e-m+dp/hard\libc_nano.a(libc_a-mlock.o)
                0x08006fe4                __malloc_lock
 .text.__malloc_unlock
                0x08006ff0        0xc C:/ST/STM32CubeIDE_2.1.1/STM32CubeIDE/plugins/com.st.stm32cube.ide.mcu.externaltools.gnu-tools-for-stm32.14.3.rel1.win32_1.0.100.202602081740/tools/bin/../lib/gcc/arm-none-eabi/14.3.1/../../../../arm-none-eabi/lib/thumb/v7e-m+dp/hard\libc_nano.a(libc_a-mlock.o)
                0x08006ff0                __malloc_unlock
 .text.__sflush_r
                0x08006ffc      0x104 C:/ST/STM32CubeIDE_2.1.1/STM32CubeIDE/plugins/com.st.stm32cube.ide.mcu.externaltools.gnu-tools-for-stm32.14.3.rel1.win32_1.0.100.202602081740/tools/bin/../lib/gcc/arm-none-eabi/14.3.1/../../../../arm-none-eabi/lib/thumb/v7e-m+dp/hard\libc_nano.a(libc_a-fflush.o)
                0x08006ffc                __sflush_r
 .text._fflush_r
                0x08007100       0x50 C:/ST/STM32CubeIDE_2.1.1/STM32CubeIDE/plugins/com.st.stm32cube.ide.mcu.externaltools.gnu-tools-for-stm32.14.3.rel1.win32_1.0.100.202602081740/tools/bin/../lib/gcc/arm-none-eabi/14.3.1/../../../../arm-none-eabi/lib/thumb/v7e-m+dp/hard\libc_nano.a(libc_a-fflush.o)
                0x08007100                _fflush_r
 .text.__swhatbuf_r
                0x08007150       0x48 C:/ST/STM32CubeIDE_2.1.1/STM32CubeIDE/plugins/com.st.stm32cube.ide.mcu.externaltools.gnu-tools-for-stm32.14.3.rel1.win32_1.0.100.202602081740/tools/bin/../lib/gcc/arm-none-eabi/14.3.1/../../../../arm-none-eabi/lib/thumb/v7e-m+dp/hard\libc_nano.a(libc_a-makebuf.o)
                0x08007150                __swhatbuf_r
 .text.__smakebuf_r
                0x08007198       0x72 C:/ST/STM32CubeIDE_2.1.1/STM32CubeIDE/plugins/com.st.stm32cube.ide.mcu.externaltools.gnu-tools-for-stm32.14.3.rel1.win32_1.0.100.202602081740/tools/bin/../lib/gcc/arm-none-eabi/14.3.1/../../../../arm-none-eabi/lib/thumb/v7e-m+dp/hard\libc_nano.a(libc_a-makebuf.o)
                0x08007198                __smakebuf_r
 *fill*         0x0800720a        0x2 
 .text._fstat_r
                0x0800720c       0x24 C:/ST/STM32CubeIDE_2.1.1/STM32CubeIDE/plugins/com.st.stm32cube.ide.mcu.externaltools.gnu-tools-for-stm32.14.3.rel1.win32_1.0.100.202602081740/tools/bin/../lib/gcc/arm-none-eabi/14.3.1/../../../../arm-none-eabi/lib/thumb/v7e-m+dp/hard\libc_nano.a(libc_a-fstatr.o)
                0x0800720c                _fstat_r
 .text._isatty_r
                0x08007230       0x20 C:/ST/STM32CubeIDE_2.1.1/STM32CubeIDE/plugins/com.st.stm32cube.ide.mcu.externaltools.gnu-tools-for-stm32.14.3.rel1.win32_1.0.100.202602081740/tools/bin/../lib/gcc/arm-none-eabi/14.3.1/../../../../arm-none-eabi/lib/thumb/v7e-m+dp/hard\libc_nano.a(libc_a-isattyr.o)
                0x08007230                _isatty_r
 .text._sbrk_r  0x08007250       0x20 C:/ST/STM32CubeIDE_2.1.1/STM32CubeIDE/plugins/com.st.stm32cube.ide.mcu.externaltools.gnu-tools-for-stm32.14.3.rel1.win32_1.0.100.202602081740/tools/bin/../lib/gcc/arm-none-eabi/14.3.1/../../../../arm-none-eabi/lib/thumb/v7e-m+dp/hard\libc_nano.a(libc_a-sbrkr.o)
                0x08007250                _sbrk_r
 *(.glue_7)
 .glue_7        0x08007270        0x0 linker stubs
 *(.glue_7t)
 .glue_7t       0x08007270        0x0 linker stubs
 *(.eh_frame)
 .eh_frame      0x08007270        0x0 C:/ST/STM32CubeIDE_2.1.1/STM32CubeIDE/plugins/com.st.stm32cube.ide.mcu.externaltools.gnu-tools-for-stm32.14.3.rel1.win32_1.0.100.202602081740/tools/bin/../lib/gcc/arm-none-eabi/14.3.1/thumb/v7e-m+dp/hard/crtbegin.o
 *(.init)
 .init          0x08007270        0x4 C:/ST/STM32CubeIDE_2.1.1/STM32CubeIDE/plugins/com.st.stm32cube.ide.mcu.externaltools.gnu-tools-for-stm32.14.3.rel1.win32_1.0.100.202602081740/tools/bin/../lib/gcc/arm-none-eabi/14.3.1/thumb/v7e-m+dp/hard/crti.o
                0x08007270                _init
 .init          0x08007274        0x8 C:/ST/STM32CubeIDE_2.1.1/STM32CubeIDE/plugins/com.st.stm32cube.ide.mcu.externaltools.gnu-tools-for-stm32.14.3.rel1.win32_1.0.100.202602081740/tools/bin/../lib/gcc/arm-none-eabi/14.3.1/thumb/v7e-m+dp/hard/crtn.o
 *(.fini)
 .fini          0x0800727c        0x4 C:/ST/STM32CubeIDE_2.1.1/STM32CubeIDE/plugins/com.st.stm32cube.ide.mcu.externaltools.gnu-tools-for-stm32.14.3.rel1.win32_1.0.100.202602081740/tools/bin/../lib/gcc/arm-none-eabi/14.3.1/thumb/v7e-m+dp/hard/crti.o
                0x0800727c                _fini
 .fini          0x08007280        0x8 C:/ST/STM32CubeIDE_2.1.1/STM32CubeIDE/plugins/com.st.stm32cube.ide.mcu.externaltools.gnu-tools-for-stm32.14.3.rel1.win32_1.0.100.202602081740/tools/bin/../lib/gcc/arm-none-eabi/14.3.1/thumb/v7e-m+dp/hard/crtn.o
                0x08007288                        . = ALIGN (0x4)
                0x08007288                        _etext = .

.vfp11_veneer   0x08007288        0x0
 .vfp11_veneer  0x08007288        0x0 linker stubs

.v4_bx          0x08007288        0x0
 .v4_bx         0x08007288        0x0 linker stubs

.iplt           0x08007288        0x0
 .iplt          0x08007288        0x0 C:/ST/STM32CubeIDE_2.1.1/STM32CubeIDE/plugins/com.st.stm32cube.ide.mcu.externaltools.gnu-tools-for-stm32.14.3.rel1.win32_1.0.100.202602081740/tools/bin/../lib/gcc/arm-none-eabi/14.3.1/thumb/v7e-m+dp/hard/crtbegin.o

.rodata         0x08007288       0x48
                0x08007288                        . = ALIGN (0x4)
 *(.rodata)
 *(.rodata*)
 .rodata.main.str1.4
                0x08007288        0xe ./Application/User/Core/main.o
 *fill*         0x08007296        0x2 
 .rodata.D1CorePrescTable
                0x08007298       0x10 ./Drivers/CMSIS/system_stm32h7xx_dualcore_boot_cm4_cm7.o
                0x08007298                D1CorePrescTable
 .rodata.UARTPrescTable
                0x080072a8       0x18 ./Drivers/STM32H7xx_HAL_Driver/stm32h7xx_hal_uart.o
                0x080072a8                UARTPrescTable
 .rodata.numerator.1
                0x080072c0        0x8 ./Drivers/STM32H7xx_HAL_Driver/stm32h7xx_hal_uart_ex.o
 .rodata.denominator.0
                0x080072c8        0x8 ./Drivers/STM32H7xx_HAL_Driver/stm32h7xx_hal_uart_ex.o
                0x080072d0                        . = ALIGN (0x4)

.ARM.extab      0x080072d0        0x0
                0x080072d0                        . = ALIGN (0x4)
 *(.ARM.extab* .gnu.linkonce.armextab.*)
                0x080072d0                        . = ALIGN (0x4)

.ARM            0x080072d0        0x8
                0x080072d0                        . = ALIGN (0x4)
                0x080072d0                        __exidx_start = .
 *(.ARM.exidx*)
 .ARM.exidx     0x080072d0        0x8 C:/ST/STM32CubeIDE_2.1.1/STM32CubeIDE/plugins/com.st.stm32cube.ide.mcu.externaltools.gnu-tools-for-stm32.14.3.rel1.win32_1.0.100.202602081740/tools/bin/../lib/gcc/arm-none-eabi/14.3.1/thumb/v7e-m+dp/hard\libgcc.a(_udivmoddi4.o)
                0x080072d8                        __exidx_end = .
                0x080072d8                        . = ALIGN (0x4)

.preinit_array  0x080072d8        0x0
                0x080072d8                        . = ALIGN (0x4)
                0x080072d8                        PROVIDE (__preinit_array_start = .)
 *(.preinit_array*)
                0x080072d8                        PROVIDE (__preinit_array_end = .)
                0x080072d8                        . = ALIGN (0x4)

.init_array     0x080072d8        0x4
                0x080072d8                        . = ALIGN (0x4)
                0x080072d8                        PROVIDE (__init_array_start = .)
 *(SORT_BY_NAME(.init_array.*))
 *(.init_array*)
 .init_array    0x080072d8        0x4 C:/ST/STM32CubeIDE_2.1.1/STM32CubeIDE/plugins/com.st.stm32cube.ide.mcu.externaltools.gnu-tools-for-stm32.14.3.rel1.win32_1.0.100.202602081740/tools/bin/../lib/gcc/arm-none-eabi/14.3.1/thumb/v7e-m+dp/hard/crtbegin.o
                0x080072dc                        PROVIDE (__init_array_end = .)
                0x080072dc                        . = ALIGN (0x4)

.fini_array     0x080072dc        0x4
                0x080072dc                        . = ALIGN (0x4)
                [!provide]                        PROVIDE (__fini_array_start = .)
 *(SORT_BY_NAME(.fini_array.*))
 *(.fini_array*)
 .fini_array    0x080072dc        0x4 C:/ST/STM32CubeIDE_2.1.1/STM32CubeIDE/plugins/com.st.stm32cube.ide.mcu.externaltools.gnu-tools-for-stm32.14.3.rel1.win32_1.0.100.202602081740/tools/bin/../lib/gcc/arm-none-eabi/14.3.1/thumb/v7e-m+dp/hard/crtbegin.o
                [!provide]                        PROVIDE (__fini_array_end = .)
                0x080072e0                        . = ALIGN (0x4)
                0x080072e0                        _sidata = LOADADDR (.data)

.rel.dyn        0x080072e0        0x0
 .rel.iplt      0x080072e0        0x0 C:/ST/STM32CubeIDE_2.1.1/STM32CubeIDE/plugins/com.st.stm32cube.ide.mcu.externaltools.gnu-tools-for-stm32.14.3.rel1.win32_1.0.100.202602081740/tools/bin/../lib/gcc/arm-none-eabi/14.3.1/thumb/v7e-m+dp/hard/crtbegin.o

.data           0x24000000       0x6c load address 0x080072e0
                0x24000000                        . = ALIGN (0x4)
                0x24000000                        _sdata = .
 *(.data)
 *(.data*)
 .data.SystemCoreClock
                0x24000000        0x4 ./Drivers/CMSIS/system_stm32h7xx_dualcore_boot_cm4_cm7.o
                0x24000000                SystemCoreClock
 .data.SystemD2Clock
                0x24000004        0x4 ./Drivers/CMSIS/system_stm32h7xx_dualcore_boot_cm4_cm7.o
                0x24000004                SystemD2Clock
 .data.uwTickPrio
                0x24000008        0x4 ./Drivers/STM32H7xx_HAL_Driver/stm32h7xx_hal.o
                0x24000008                uwTickPrio
 .data.uwTickFreq
                0x2400000c        0x1 ./Drivers/STM32H7xx_HAL_Driver/stm32h7xx_hal.o
                0x2400000c                uwTickFreq
 *fill*         0x2400000d        0x3 
 .data.__sglue  0x24000010        0xc C:/ST/STM32CubeIDE_2.1.1/STM32CubeIDE/plugins/com.st.stm32cube.ide.mcu.externaltools.gnu-tools-for-stm32.14.3.rel1.win32_1.0.100.202602081740/tools/bin/../lib/gcc/arm-none-eabi/14.3.1/../../../../arm-none-eabi/lib/thumb/v7e-m+dp/hard\libc_nano.a(libc_a-findfp.o)
                0x24000010                __sglue
 .data._impure_ptr
                0x2400001c        0x4 C:/ST/STM32CubeIDE_2.1.1/STM32CubeIDE/plugins/com.st.stm32cube.ide.mcu.externaltools.gnu-tools-for-stm32.14.3.rel1.win32_1.0.100.202602081740/tools/bin/../lib/gcc/arm-none-eabi/14.3.1/../../../../arm-none-eabi/lib/thumb/v7e-m+dp/hard\libc_nano.a(libc_a-impure.o)
                0x2400001c                _impure_ptr
 .data._impure_data
                0x24000020       0x4c C:/ST/STM32CubeIDE_2.1.1/STM32CubeIDE/plugins/com.st.stm32cube.ide.mcu.externaltools.gnu-tools-for-stm32.14.3.rel1.win32_1.0.100.202602081740/tools/bin/../lib/gcc/arm-none-eabi/14.3.1/../../../../arm-none-eabi/lib/thumb/v7e-m+dp/hard\libc_nano.a(libc_a-impure.o)
                0x24000020                _impure_data
 *(.RamFunc)
 *(.RamFunc*)
                0x2400006c                        . = ALIGN (0x4)
                0x2400006c                        _edata = .

.igot.plt       0x2400006c        0x0 load address 0x0800734c
 .igot.plt      0x2400006c        0x0 C:/ST/STM32CubeIDE_2.1.1/STM32CubeIDE/plugins/com.st.stm32cube.ide.mcu.externaltools.gnu-tools-for-stm32.14.3.rel1.win32_1.0.100.202602081740/tools/bin/../lib/gcc/arm-none-eabi/14.3.1/thumb/v7e-m+dp/hard/crtbegin.o
                0x2400006c                        . = ALIGN (0x4)

.bss            0x2400006c      0x204 load address 0x0800734c
                0x2400006c                        _sbss = .
                0x2400006c                        __bss_start__ = _sbss
 *(.bss)
 .bss           0x2400006c       0x1c C:/ST/STM32CubeIDE_2.1.1/STM32CubeIDE/plugins/com.st.stm32cube.ide.mcu.externaltools.gnu-tools-for-stm32.14.3.rel1.win32_1.0.100.202602081740/tools/bin/../lib/gcc/arm-none-eabi/14.3.1/thumb/v7e-m+dp/hard/crtbegin.o
 *(.bss*)
 .bss.__sbrk_heap_end
                0x24000088        0x4 ./Application/User/Core/sysmem.o
 .bss.huart3    0x2400008c       0x94 ./Application/User/Core/usart.o
                0x2400008c                huart3
 .bss.uwTick    0x24000120        0x4 ./Drivers/STM32H7xx_HAL_Driver/stm32h7xx_hal.o
                0x24000120                uwTick
 .bss.__sf      0x24000124      0x138 C:/ST/STM32CubeIDE_2.1.1/STM32CubeIDE/plugins/com.st.stm32cube.ide.mcu.externaltools.gnu-tools-for-stm32.14.3.rel1.win32_1.0.100.202602081740/tools/bin/../lib/gcc/arm-none-eabi/14.3.1/../../../../arm-none-eabi/lib/thumb/v7e-m+dp/hard\libc_nano.a(libc_a-findfp.o)
                0x24000124                __sf
 .bss.__stdio_exit_handler
                0x2400025c        0x4 C:/ST/STM32CubeIDE_2.1.1/STM32CubeIDE/plugins/com.st.stm32cube.ide.mcu.externaltools.gnu-tools-for-stm32.14.3.rel1.win32_1.0.100.202602081740/tools/bin/../lib/gcc/arm-none-eabi/14.3.1/../../../../arm-none-eabi/lib/thumb/v7e-m+dp/hard\libc_nano.a(libc_a-findfp.o)
                0x2400025c                __stdio_exit_handler
 .bss.errno     0x24000260        0x4 C:/ST/STM32CubeIDE_2.1.1/STM32CubeIDE/plugins/com.st.stm32cube.ide.mcu.externaltools.gnu-tools-for-stm32.14.3.rel1.win32_1.0.100.202602081740/tools/bin/../lib/gcc/arm-none-eabi/14.3.1/../../../../arm-none-eabi/lib/thumb/v7e-m+dp/hard\libc_nano.a(libc_a-reent.o)
                0x24000260                errno
 .bss.__lock___malloc_recursive_mutex
                0x24000264        0x1 C:/ST/STM32CubeIDE_2.1.1/STM32CubeIDE/plugins/com.st.stm32cube.ide.mcu.externaltools.gnu-tools-for-stm32.14.3.rel1.win32_1.0.100.202602081740/tools/bin/../lib/gcc/arm-none-eabi/14.3.1/../../../../arm-none-eabi/lib/thumb/v7e-m+dp/hard\libc_nano.a(libc_a-lock.o)
                0x24000264                __lock___malloc_recursive_mutex
 .bss.__lock___sfp_recursive_mutex
                0x24000265        0x1 C:/ST/STM32CubeIDE_2.1.1/STM32CubeIDE/plugins/com.st.stm32cube.ide.mcu.externaltools.gnu-tools-for-stm32.14.3.rel1.win32_1.0.100.202602081740/tools/bin/../lib/gcc/arm-none-eabi/14.3.1/../../../../arm-none-eabi/lib/thumb/v7e-m+dp/hard\libc_nano.a(libc_a-lock.o)
                0x24000265                __lock___sfp_recursive_mutex
 *fill*         0x24000266        0x2 
 .bss.__malloc_sbrk_start
                0x24000268        0x4 C:/ST/STM32CubeIDE_2.1.1/STM32CubeIDE/plugins/com.st.stm32cube.ide.mcu.externaltools.gnu-tools-for-stm32.14.3.rel1.win32_1.0.100.202602081740/tools/bin/../lib/gcc/arm-none-eabi/14.3.1/../../../../arm-none-eabi/lib/thumb/v7e-m+dp/hard\libc_nano.a(libc_a-mallocr.o)
                0x24000268                __malloc_sbrk_start
 .bss.__malloc_free_list
                0x2400026c        0x4 C:/ST/STM32CubeIDE_2.1.1/STM32CubeIDE/plugins/com.st.stm32cube.ide.mcu.externaltools.gnu-tools-for-stm32.14.3.rel1.win32_1.0.100.202602081740/tools/bin/../lib/gcc/arm-none-eabi/14.3.1/../../../../arm-none-eabi/lib/thumb/v7e-m+dp/hard\libc_nano.a(libc_a-mallocr.o)
                0x2400026c                __malloc_free_list
 *(COMMON)
                0x24000270                        . = ALIGN (0x4)
                0x24000270                        _ebss = .
                0x24000270                        __bss_end__ = _ebss

._user_heap_stack
                0x24000270      0x600 load address 0x0800734c
                0x24000270                        . = ALIGN (0x8)
                [!provide]                        PROVIDE (end = .)
                0x24000270                        PROVIDE (_end = .)
                0x24000470                        . = (. + _Min_Heap_Size)
 *fill*         0x24000270      0x200 
                0x24000870                        . = (. + _Min_Stack_Size)
 *fill*         0x24000470      0x400 
                0x24000870                        . = ALIGN (0x8)

/DISCARD/
 libc.a(*)
 libm.a(*)
 libgcc.a(*)

.ARM.attributes
                0x00000000       0x2e
 *(.ARM.attributes)
 .ARM.attributes
                0x00000000       0x20 C:/ST/STM32CubeIDE_2.1.1/STM32CubeIDE/plugins/com.st.stm32cube.ide.mcu.externaltools.gnu-tools-for-stm32.14.3.rel1.win32_1.0.100.202602081740/tools/bin/../lib/gcc/arm-none-eabi/14.3.1/thumb/v7e-m+dp/hard/crti.o
 .ARM.attributes
                0x00000020       0x32 C:/ST/STM32CubeIDE_2.1.1/STM32CubeIDE/plugins/com.st.stm32cube.ide.mcu.externaltools.gnu-tools-for-stm32.14.3.rel1.win32_1.0.100.202602081740/tools/bin/../lib/gcc/arm-none-eabi/14.3.1/thumb/v7e-m+dp/hard/crtbegin.o
 .ARM.attributes
                0x00000052       0x32 ./Application/User/Core/gpio.o
 .ARM.attributes
                0x00000084       0x32 ./Application/User/Core/main.o
 .ARM.attributes
                0x000000b6       0x32 ./Application/User/Core/stm32h7xx_hal_msp.o
 .ARM.attributes
                0x000000e8       0x32 ./Application/User/Core/stm32h7xx_it.o
 .ARM.attributes
                0x0000011a       0x32 ./Application/User/Core/syscalls.o
 .ARM.attributes
                0x0000014c       0x32 ./Application/User/Core/sysmem.o
 .ARM.attributes
                0x0000017e       0x32 ./Application/User/Core/usart.o
 .ARM.attributes
                0x000001b0       0x21 ./Application/User/Startup/startup_stm32h755zitx.o
 .ARM.attributes
                0x000001d1       0x32 ./Drivers/CMSIS/system_stm32h7xx_dualcore_boot_cm4_cm7.o
 .ARM.attributes
                0x00000203       0x32 ./Drivers/STM32H7xx_HAL_Driver/stm32h7xx_hal.o
 .ARM.attributes
                0x00000235       0x32 ./Drivers/STM32H7xx_HAL_Driver/stm32h7xx_hal_cortex.o
 .ARM.attributes
                0x00000267       0x32 ./Drivers/STM32H7xx_HAL_Driver/stm32h7xx_hal_dma.o
 .ARM.attributes
                0x00000299       0x32 ./Drivers/STM32H7xx_HAL_Driver/stm32h7xx_hal_gpio.o
 .ARM.attributes
                0x000002cb       0x32 ./Drivers/STM32H7xx_HAL_Driver/stm32h7xx_hal_hsem.o
 .ARM.attributes
                0x000002fd       0x32 ./Drivers/STM32H7xx_HAL_Driver/stm32h7xx_hal_pwr_ex.o
 .ARM.attributes
                0x0000032f       0x32 ./Drivers/STM32H7xx_HAL_Driver/stm32h7xx_hal_rcc.o
 .ARM.attributes
                0x00000361       0x32 ./Drivers/STM32H7xx_HAL_Driver/stm32h7xx_hal_rcc_ex.o
 .ARM.attributes
                0x00000393       0x32 ./Drivers/STM32H7xx_HAL_Driver/stm32h7xx_hal_uart.o
 .ARM.attributes
                0x000003c5       0x32 ./Drivers/STM32H7xx_HAL_Driver/stm32h7xx_hal_uart_ex.o
 .ARM.attributes
                0x000003f7       0x32 C:/ST/STM32CubeIDE_2.1.1/STM32CubeIDE/plugins/com.st.stm32cube.ide.mcu.externaltools.gnu-tools-for-stm32.14.3.rel1.win32_1.0.100.202602081740/tools/bin/../lib/gcc/arm-none-eabi/14.3.1/../../../../arm-none-eabi/lib/thumb/v7e-m+dp/hard\libc_nano.a(libc_a-findfp.o)
 .ARM.attributes
                0x00000429       0x32 C:/ST/STM32CubeIDE_2.1.1/STM32CubeIDE/plugins/com.st.stm32cube.ide.mcu.externaltools.gnu-tools-for-stm32.14.3.rel1.win32_1.0.100.202602081740/tools/bin/../lib/gcc/arm-none-eabi/14.3.1/../../../../arm-none-eabi/lib/thumb/v7e-m+dp/hard\libc_nano.a(libc_a-fwalk.o)
 .ARM.attributes
                0x0000045b       0x32 C:/ST/STM32CubeIDE_2.1.1/STM32CubeIDE/plugins/com.st.stm32cube.ide.mcu.externaltools.gnu-tools-for-stm32.14.3.rel1.win32_1.0.100.202602081740/tools/bin/../lib/gcc/arm-none-eabi/14.3.1/../../../../arm-none-eabi/lib/thumb/v7e-m+dp/hard\libc_nano.a(libc_a-puts.o)
 .ARM.attributes
                0x0000048d       0x32 C:/ST/STM32CubeIDE_2.1.1/STM32CubeIDE/plugins/com.st.stm32cube.ide.mcu.externaltools.gnu-tools-for-stm32.14.3.rel1.win32_1.0.100.202602081740/tools/bin/../lib/gcc/arm-none-eabi/14.3.1/../../../../arm-none-eabi/lib/thumb/v7e-m+dp/hard\libc_nano.a(libc_a-stdio.o)
 .ARM.attributes
                0x000004bf       0x32 C:/ST/STM32CubeIDE_2.1.1/STM32CubeIDE/plugins/com.st.stm32cube.ide.mcu.externaltools.gnu-tools-for-stm32.14.3.rel1.win32_1.0.100.202602081740/tools/bin/../lib/gcc/arm-none-eabi/14.3.1/../../../../arm-none-eabi/lib/thumb/v7e-m+dp/hard\libc_nano.a(libc_a-wbuf.o)
 .ARM.attributes
                0x000004f1       0x32 C:/ST/STM32CubeIDE_2.1.1/STM32CubeIDE/plugins/com.st.stm32cube.ide.mcu.externaltools.gnu-tools-for-stm32.14.3.rel1.win32_1.0.100.202602081740/tools/bin/../lib/gcc/arm-none-eabi/14.3.1/../../../../arm-none-eabi/lib/thumb/v7e-m+dp/hard\libc_nano.a(libc_a-wsetup.o)
 .ARM.attributes
                0x00000523       0x32 C:/ST/STM32CubeIDE_2.1.1/STM32CubeIDE/plugins/com.st.stm32cube.ide.mcu.externaltools.gnu-tools-for-stm32.14.3.rel1.win32_1.0.100.202602081740/tools/bin/../lib/gcc/arm-none-eabi/14.3.1/../../../../arm-none-eabi/lib/thumb/v7e-m+dp/hard\libc_nano.a(libc_a-memset.o)
 .ARM.attributes
                0x00000555       0x32 C:/ST/STM32CubeIDE_2.1.1/STM32CubeIDE/plugins/com.st.stm32cube.ide.mcu.externaltools.gnu-tools-for-stm32.14.3.rel1.win32_1.0.100.202602081740/tools/bin/../lib/gcc/arm-none-eabi/14.3.1/../../../../arm-none-eabi/lib/thumb/v7e-m+dp/hard\libc_nano.a(libc_a-closer.o)
 .ARM.attributes
                0x00000587       0x32 C:/ST/STM32CubeIDE_2.1.1/STM32CubeIDE/plugins/com.st.stm32cube.ide.mcu.externaltools.gnu-tools-for-stm32.14.3.rel1.win32_1.0.100.202602081740/tools/bin/../lib/gcc/arm-none-eabi/14.3.1/../../../../arm-none-eabi/lib/thumb/v7e-m+dp/hard\libc_nano.a(libc_a-reent.o)
 .ARM.attributes
                0x000005b9       0x32 C:/ST/STM32CubeIDE_2.1.1/STM32CubeIDE/plugins/com.st.stm32cube.ide.mcu.externaltools.gnu-tools-for-stm32.14.3.rel1.win32_1.0.100.202602081740/tools/bin/../lib/gcc/arm-none-eabi/14.3.1/../../../../arm-none-eabi/lib/thumb/v7e-m+dp/hard\libc_nano.a(libc_a-impure.o)
 .ARM.attributes
                0x000005eb       0x32 C:/ST/STM32CubeIDE_2.1.1/STM32CubeIDE/plugins/com.st.stm32cube.ide.mcu.externaltools.gnu-tools-for-stm32.14.3.rel1.win32_1.0.100.202602081740/tools/bin/../lib/gcc/arm-none-eabi/14.3.1/../../../../arm-none-eabi/lib/thumb/v7e-m+dp/hard\libc_nano.a(libc_a-lseekr.o)
 .ARM.attributes
                0x0000061d       0x32 C:/ST/STM32CubeIDE_2.1.1/STM32CubeIDE/plugins/com.st.stm32cube.ide.mcu.externaltools.gnu-tools-for-stm32.14.3.rel1.win32_1.0.100.202602081740/tools/bin/../lib/gcc/arm-none-eabi/14.3.1/../../../../arm-none-eabi/lib/thumb/v7e-m+dp/hard\libc_nano.a(libc_a-readr.o)
 .ARM.attributes
                0x0000064f       0x32 C:/ST/STM32CubeIDE_2.1.1/STM32CubeIDE/plugins/com.st.stm32cube.ide.mcu.externaltools.gnu-tools-for-stm32.14.3.rel1.win32_1.0.100.202602081740/tools/bin/../lib/gcc/arm-none-eabi/14.3.1/../../../../arm-none-eabi/lib/thumb/v7e-m+dp/hard\libc_nano.a(libc_a-writer.o)
 .ARM.attributes
                0x00000681       0x32 C:/ST/STM32CubeIDE_2.1.1/STM32CubeIDE/plugins/com.st.stm32cube.ide.mcu.externaltools.gnu-tools-for-stm32.14.3.rel1.win32_1.0.100.202602081740/tools/bin/../lib/gcc/arm-none-eabi/14.3.1/../../../../arm-none-eabi/lib/thumb/v7e-m+dp/hard\libc_nano.a(libc_a-errno.o)
 .ARM.attributes
                0x000006b3       0x32 C:/ST/STM32CubeIDE_2.1.1/STM32CubeIDE/plugins/com.st.stm32cube.ide.mcu.externaltools.gnu-tools-for-stm32.14.3.rel1.win32_1.0.100.202602081740/tools/bin/../lib/gcc/arm-none-eabi/14.3.1/../../../../arm-none-eabi/lib/thumb/v7e-m+dp/hard\libc_nano.a(libc_a-init.o)
 .ARM.attributes
                0x000006e5       0x32 C:/ST/STM32CubeIDE_2.1.1/STM32CubeIDE/plugins/com.st.stm32cube.ide.mcu.externaltools.gnu-tools-for-stm32.14.3.rel1.win32_1.0.100.202602081740/tools/bin/../lib/gcc/arm-none-eabi/14.3.1/../../../../arm-none-eabi/lib/thumb/v7e-m+dp/hard\libc_nano.a(libc_a-lock.o)
 .ARM.attributes
                0x00000717       0x32 C:/ST/STM32CubeIDE_2.1.1/STM32CubeIDE/plugins/com.st.stm32cube.ide.mcu.externaltools.gnu-tools-for-stm32.14.3.rel1.win32_1.0.100.202602081740/tools/bin/../lib/gcc/arm-none-eabi/14.3.1/../../../../arm-none-eabi/lib/thumb/v7e-m+dp/hard\libc_nano.a(libc_a-freer.o)
 .ARM.attributes
                0x00000749       0x32 C:/ST/STM32CubeIDE_2.1.1/STM32CubeIDE/plugins/com.st.stm32cube.ide.mcu.externaltools.gnu-tools-for-stm32.14.3.rel1.win32_1.0.100.202602081740/tools/bin/../lib/gcc/arm-none-eabi/14.3.1/../../../../arm-none-eabi/lib/thumb/v7e-m+dp/hard\libc_nano.a(libc_a-mallocr.o)
 .ARM.attributes
                0x0000077b       0x32 C:/ST/STM32CubeIDE_2.1.1/STM32CubeIDE/plugins/com.st.stm32cube.ide.mcu.externaltools.gnu-tools-for-stm32.14.3.rel1.win32_1.0.100.202602081740/tools/bin/../lib/gcc/arm-none-eabi/14.3.1/../../../../arm-none-eabi/lib/thumb/v7e-m+dp/hard\libc_nano.a(libc_a-mlock.o)
 .ARM.attributes
                0x000007ad       0x32 C:/ST/STM32CubeIDE_2.1.1/STM32CubeIDE/plugins/com.st.stm32cube.ide.mcu.externaltools.gnu-tools-for-stm32.14.3.rel1.win32_1.0.100.202602081740/tools/bin/../lib/gcc/arm-none-eabi/14.3.1/../../../../arm-none-eabi/lib/thumb/v7e-m+dp/hard\libc_nano.a(libc_a-fflush.o)
 .ARM.attributes
                0x000007df       0x32 C:/ST/STM32CubeIDE_2.1.1/STM32CubeIDE/plugins/com.st.stm32cube.ide.mcu.externaltools.gnu-tools-for-stm32.14.3.rel1.win32_1.0.100.202602081740/tools/bin/../lib/gcc/arm-none-eabi/14.3.1/../../../../arm-none-eabi/lib/thumb/v7e-m+dp/hard\libc_nano.a(libc_a-makebuf.o)
 .ARM.attributes
                0x00000811       0x32 C:/ST/STM32CubeIDE_2.1.1/STM32CubeIDE/plugins/com.st.stm32cube.ide.mcu.externaltools.gnu-tools-for-stm32.14.3.rel1.win32_1.0.100.202602081740/tools/bin/../lib/gcc/arm-none-eabi/14.3.1/../../../../arm-none-eabi/lib/thumb/v7e-m+dp/hard\libc_nano.a(libc_a-fstatr.o)
 .ARM.attributes
                0x00000843       0x32 C:/ST/STM32CubeIDE_2.1.1/STM32CubeIDE/plugins/com.st.stm32cube.ide.mcu.externaltools.gnu-tools-for-stm32.14.3.rel1.win32_1.0.100.202602081740/tools/bin/../lib/gcc/arm-none-eabi/14.3.1/../../../../arm-none-eabi/lib/thumb/v7e-m+dp/hard\libc_nano.a(libc_a-isattyr.o)
 .ARM.attributes
                0x00000875       0x32 C:/ST/STM32CubeIDE_2.1.1/STM32CubeIDE/plugins/com.st.stm32cube.ide.mcu.externaltools.gnu-tools-for-stm32.14.3.rel1.win32_1.0.100.202602081740/tools/bin/../lib/gcc/arm-none-eabi/14.3.1/../../../../arm-none-eabi/lib/thumb/v7e-m+dp/hard\libc_nano.a(libc_a-sbrkr.o)
 .ARM.attributes
                0x000008a7       0x20 C:/ST/STM32CubeIDE_2.1.1/STM32CubeIDE/plugins/com.st.stm32cube.ide.mcu.externaltools.gnu-tools-for-stm32.14.3.rel1.win32_1.0.100.202602081740/tools/bin/../lib/gcc/arm-none-eabi/14.3.1/thumb/v7e-m+dp/hard\libgcc.a(_aeabi_uldivmod.o)
 .ARM.attributes
                0x000008c7       0x32 C:/ST/STM32CubeIDE_2.1.1/STM32CubeIDE/plugins/com.st.stm32cube.ide.mcu.externaltools.gnu-tools-for-stm32.14.3.rel1.win32_1.0.100.202602081740/tools/bin/../lib/gcc/arm-none-eabi/14.3.1/thumb/v7e-m+dp/hard\libgcc.a(_udivmoddi4.o)
 .ARM.attributes
                0x000008f9       0x20 C:/ST/STM32CubeIDE_2.1.1/STM32CubeIDE/plugins/com.st.stm32cube.ide.mcu.externaltools.gnu-tools-for-stm32.14.3.rel1.win32_1.0.100.202602081740/tools/bin/../lib/gcc/arm-none-eabi/14.3.1/thumb/v7e-m+dp/hard\libgcc.a(_dvmd_tls.o)
 .ARM.attributes
                0x00000919       0x20 C:/ST/STM32CubeIDE_2.1.1/STM32CubeIDE/plugins/com.st.stm32cube.ide.mcu.externaltools.gnu-tools-for-stm32.14.3.rel1.win32_1.0.100.202602081740/tools/bin/../lib/gcc/arm-none-eabi/14.3.1/thumb/v7e-m+dp/hard/crtn.o
OUTPUT(stm32h755_foc_algorithm_CM7.elf elf32-littlearm)
LOAD linker stubs
LOAD C:/ST/STM32CubeIDE_2.1.1/STM32CubeIDE/plugins/com.st.stm32cube.ide.mcu.externaltools.gnu-tools-for-stm32.14.3.rel1.win32_1.0.100.202602081740/tools/bin/../lib/gcc/arm-none-eabi/14.3.1/../../../../arm-none-eabi/lib/thumb/v7e-m+dp/hard\libc.a
LOAD C:/ST/STM32CubeIDE_2.1.1/STM32CubeIDE/plugins/com.st.stm32cube.ide.mcu.externaltools.gnu-tools-for-stm32.14.3.rel1.win32_1.0.100.202602081740/tools/bin/../lib/gcc/arm-none-eabi/14.3.1/../../../../arm-none-eabi/lib/thumb/v7e-m+dp/hard\libm.a
LOAD C:/ST/STM32CubeIDE_2.1.1/STM32CubeIDE/plugins/com.st.stm32cube.ide.mcu.externaltools.gnu-tools-for-stm32.14.3.rel1.win32_1.0.100.202602081740/tools/bin/../lib/gcc/arm-none-eabi/14.3.1/thumb/v7e-m+dp/hard\libgcc.a

.debug_info     0x00000000    0x12373
 .debug_info    0x00000000      0x464 ./Application/User/Core/gpio.o
 .debug_info    0x00000464     0x12eb ./Application/User/Core/main.o
 .debug_info    0x0000174f      0x464 ./Application/User/Core/stm32h7xx_hal_msp.o
 .debug_info    0x00001bb3      0x82f ./Application/User/Core/stm32h7xx_it.o
 .debug_info    0x000023e2      0x6a3 ./Application/User/Core/syscalls.o
 .debug_info    0x00002a85      0x168 ./Application/User/Core/sysmem.o
 .debug_info    0x00002bed     0x14b3 ./Application/User/Core/usart.o
 .debug_info    0x000040a0       0x30 ./Application/User/Startup/startup_stm32h755zitx.o
 .debug_info    0x000040d0      0xe82 ./Drivers/CMSIS/system_stm32h7xx_dualcore_boot_cm4_cm7.o
 .debug_info    0x00004f52     0x177a ./Drivers/STM32H7xx_HAL_Driver/stm32h7xx_hal.o
 .debug_info    0x000066cc     0x10e2 ./Drivers/STM32H7xx_HAL_Driver/stm32h7xx_hal_cortex.o
 .debug_info    0x000077ae      0xc43 ./Drivers/STM32H7xx_HAL_Driver/stm32h7xx_hal_dma.o
 .debug_info    0x000083f1      0xd06 ./Drivers/STM32H7xx_HAL_Driver/stm32h7xx_hal_gpio.o
 .debug_info    0x000090f7      0x3d3 ./Drivers/STM32H7xx_HAL_Driver/stm32h7xx_hal_hsem.o
 .debug_info    0x000094ca     0x1224 ./Drivers/STM32H7xx_HAL_Driver/stm32h7xx_hal_pwr_ex.o
 .debug_info    0x0000a6ee      0xe71 ./Drivers/STM32H7xx_HAL_Driver/stm32h7xx_hal_rcc.o
 .debug_info    0x0000b55f     0x1303 ./Drivers/STM32H7xx_HAL_Driver/stm32h7xx_hal_rcc_ex.o
 .debug_info    0x0000c862     0x4b53 ./Drivers/STM32H7xx_HAL_Driver/stm32h7xx_hal_uart.o
 .debug_info    0x000113b5      0xfbe ./Drivers/STM32H7xx_HAL_Driver/stm32h7xx_hal_uart_ex.o

.debug_abbrev   0x00000000     0x2645
 .debug_abbrev  0x00000000       0xdb ./Application/User/Core/gpio.o
 .debug_abbrev  0x000000db      0x2d7 ./Application/User/Core/main.o
 .debug_abbrev  0x000003b2       0xdb ./Application/User/Core/stm32h7xx_hal_msp.o
 .debug_abbrev  0x0000048d      0x170 ./Application/User/Core/stm32h7xx_it.o
 .debug_abbrev  0x000005fd      0x1b6 ./Application/User/Core/syscalls.o
 .debug_abbrev  0x000007b3       0xbc ./Application/User/Core/sysmem.o
 .debug_abbrev  0x0000086f      0x248 ./Application/User/Core/usart.o
 .debug_abbrev  0x00000ab7       0x24 ./Application/User/Startup/startup_stm32h755zitx.o
 .debug_abbrev  0x00000adb      0x165 ./Drivers/CMSIS/system_stm32h7xx_dualcore_boot_cm4_cm7.o
 .debug_abbrev  0x00000c40      0x295 ./Drivers/STM32H7xx_HAL_Driver/stm32h7xx_hal.o
 .debug_abbrev  0x00000ed5      0x339 ./Drivers/STM32H7xx_HAL_Driver/stm32h7xx_hal_cortex.o
 .debug_abbrev  0x0000120e      0x248 ./Drivers/STM32H7xx_HAL_Driver/stm32h7xx_hal_dma.o
 .debug_abbrev  0x00001456      0x205 ./Drivers/STM32H7xx_HAL_Driver/stm32h7xx_hal_gpio.o
 .debug_abbrev  0x0000165b      0x1d3 ./Drivers/STM32H7xx_HAL_Driver/stm32h7xx_hal_hsem.o
 .debug_abbrev  0x0000182e      0x2d7 ./Drivers/STM32H7xx_HAL_Driver/stm32h7xx_hal_pwr_ex.o
 .debug_abbrev  0x00001b05      0x2c8 ./Drivers/STM32H7xx_HAL_Driver/stm32h7xx_hal_rcc.o
 .debug_abbrev  0x00001dcd      0x269 ./Drivers/STM32H7xx_HAL_Driver/stm32h7xx_hal_rcc_ex.o
 .debug_abbrev  0x00002036      0x33d ./Drivers/STM32H7xx_HAL_Driver/stm32h7xx_hal_uart.o
 .debug_abbrev  0x00002373      0x2d2 ./Drivers/STM32H7xx_HAL_Driver/stm32h7xx_hal_uart_ex.o

.debug_aranges  0x00000000      0xcc0
 .debug_aranges
                0x00000000       0x20 ./Application/User/Core/gpio.o
 .debug_aranges
                0x00000020       0x48 ./Application/User/Core/main.o
 .debug_aranges
                0x00000068       0x20 ./Application/User/Core/stm32h7xx_hal_msp.o
 .debug_aranges
                0x00000088       0x68 ./Application/User/Core/stm32h7xx_it.o
 .debug_aranges
                0x000000f0       0xa8 ./Application/User/Core/syscalls.o
 .debug_aranges
                0x00000198       0x20 ./Application/User/Core/sysmem.o
 .debug_aranges
                0x000001b8       0x30 ./Application/User/Core/usart.o
 .debug_aranges
                0x000001e8       0x28 ./Application/User/Startup/startup_stm32h755zitx.o
 .debug_aranges
                0x00000210       0x30 ./Drivers/CMSIS/system_stm32h7xx_dualcore_boot_cm4_cm7.o
 .debug_aranges
                0x00000240      0x200 ./Drivers/STM32H7xx_HAL_Driver/stm32h7xx_hal.o
 .debug_aranges
                0x00000440      0x130 ./Drivers/STM32H7xx_HAL_Driver/stm32h7xx_hal_cortex.o
 .debug_aranges
                0x00000570       0xa0 ./Drivers/STM32H7xx_HAL_Driver/stm32h7xx_hal_dma.o
 .debug_aranges
                0x00000610       0x58 ./Drivers/STM32H7xx_HAL_Driver/stm32h7xx_hal_gpio.o
 .debug_aranges
                0x00000668       0x70 ./Drivers/STM32H7xx_HAL_Driver/stm32h7xx_hal_hsem.o
 .debug_aranges
                0x000006d8      0x170 ./Drivers/STM32H7xx_HAL_Driver/stm32h7xx_hal_pwr_ex.o
 .debug_aranges
                0x00000848       0x88 ./Drivers/STM32H7xx_HAL_Driver/stm32h7xx_hal_rcc.o
 .debug_aranges
                0x000008d0      0x100 ./Drivers/STM32H7xx_HAL_Driver/stm32h7xx_hal_rcc_ex.o
 .debug_aranges
                0x000009d0      0x248 ./Drivers/STM32H7xx_HAL_Driver/stm32h7xx_hal_uart.o
 .debug_aranges
                0x00000c18       0xa8 ./Drivers/STM32H7xx_HAL_Driver/stm32h7xx_hal_uart_ex.o

.debug_rnglists
                0x00000000      0x9b5
 .debug_rnglists
                0x00000000       0x13 ./Application/User/Core/gpio.o
 .debug_rnglists
                0x00000013       0x33 ./Application/User/Core/main.o
 .debug_rnglists
                0x00000046       0x13 ./Application/User/Core/stm32h7xx_hal_msp.o
 .debug_rnglists
                0x00000059       0x49 ./Application/User/Core/stm32h7xx_it.o
 .debug_rnglists
                0x000000a2       0x79 ./Application/User/Core/syscalls.o
 .debug_rnglists
                0x0000011b       0x13 ./Application/User/Core/sysmem.o
 .debug_rnglists
                0x0000012e       0x21 ./Application/User/Core/usart.o
 .debug_rnglists
                0x0000014f       0x19 ./Application/User/Startup/startup_stm32h755zitx.o
 .debug_rnglists
                0x00000168       0x21 ./Drivers/CMSIS/system_stm32h7xx_dualcore_boot_cm4_cm7.o
 .debug_rnglists
                0x00000189      0x180 ./Drivers/STM32H7xx_HAL_Driver/stm32h7xx_hal.o
 .debug_rnglists
                0x00000309       0xe0 ./Drivers/STM32H7xx_HAL_Driver/stm32h7xx_hal_cortex.o
 .debug_rnglists
                0x000003e9       0x82 ./Drivers/STM32H7xx_HAL_Driver/stm32h7xx_hal_dma.o
 .debug_rnglists
                0x0000046b       0x3f ./Drivers/STM32H7xx_HAL_Driver/stm32h7xx_hal_gpio.o
 .debug_rnglists
                0x000004aa       0x4f ./Drivers/STM32H7xx_HAL_Driver/stm32h7xx_hal_hsem.o
 .debug_rnglists
                0x000004f9      0x117 ./Drivers/STM32H7xx_HAL_Driver/stm32h7xx_hal_pwr_ex.o
 .debug_rnglists
                0x00000610       0x68 ./Drivers/STM32H7xx_HAL_Driver/stm32h7xx_hal_rcc.o
 .debug_rnglists
                0x00000678       0xc6 ./Drivers/STM32H7xx_HAL_Driver/stm32h7xx_hal_rcc_ex.o
 .debug_rnglists
                0x0000073e      0x1f8 ./Drivers/STM32H7xx_HAL_Driver/stm32h7xx_hal_uart.o
 .debug_rnglists
                0x00000936       0x7f ./Drivers/STM32H7xx_HAL_Driver/stm32h7xx_hal_uart_ex.o

.debug_macro    0x00000000    0x3ac42
 .debug_macro   0x00000000      0x2b4 ./Application/User/Core/gpio.o
 .debug_macro   0x000002b4      0xafc ./Application/User/Core/gpio.o
 .debug_macro   0x00000db0      0x232 ./Application/User/Core/gpio.o
 .debug_macro   0x00000fe2       0x2e ./Application/User/Core/gpio.o
 .debug_macro   0x00001010       0x49 ./Application/User/Core/gpio.o
 .debug_macro   0x00001059       0x22 ./Application/User/Core/gpio.o
 .debug_macro   0x0000107b       0x8e ./Application/User/Core/gpio.o
 .debug_macro   0x00001109       0x51 ./Application/User/Core/gpio.o
 .debug_macro   0x0000115a      0x103 ./Application/User/Core/gpio.o
 .debug_macro   0x0000125d       0x6a ./Application/User/Core/gpio.o
 .debug_macro   0x000012c7      0x1df ./Application/User/Core/gpio.o
 .debug_macro   0x000014a6       0x1c ./Application/User/Core/gpio.o
 .debug_macro   0x000014c2       0x22 ./Application/User/Core/gpio.o
 .debug_macro   0x000014e4       0xfb ./Application/User/Core/gpio.o
 .debug_macro   0x000015df     0x1313 ./Application/User/Core/gpio.o
 .debug_macro   0x000028f2      0x11f ./Application/User/Core/gpio.o
 .debug_macro   0x00002a11       0x22 ./Application/User/Core/gpio.o
 .debug_macro   0x00002a33    0x276b6 ./Application/User/Core/gpio.o
 .debug_macro   0x0002a0e9       0x6d ./Application/User/Core/gpio.o
 .debug_macro   0x0002a156     0x3d79 ./Application/User/Core/gpio.o
 .debug_macro   0x0002decf      0x190 ./Application/User/Core/gpio.o
 .debug_macro   0x0002e05f       0x61 ./Application/User/Core/gpio.o
 .debug_macro   0x0002e0c0       0x29 ./Application/User/Core/gpio.o
 .debug_macro   0x0002e0e9       0x43 ./Application/User/Core/gpio.o
 .debug_macro   0x0002e12c       0x34 ./Application/User/Core/gpio.o
 .debug_macro   0x0002e160      0x364 ./Application/User/Core/gpio.o
 .debug_macro   0x0002e4c4       0x16 ./Application/User/Core/gpio.o
 .debug_macro   0x0002e4da       0x4a ./Application/User/Core/gpio.o
 .debug_macro   0x0002e524       0x34 ./Application/User/Core/gpio.o
 .debug_macro   0x0002e558       0x10 ./Application/User/Core/gpio.o
 .debug_macro   0x0002e568       0x58 ./Application/User/Core/gpio.o
 .debug_macro   0x0002e5c0       0x8e ./Application/User/Core/gpio.o
 .debug_macro   0x0002e64e       0x1c ./Application/User/Core/gpio.o
 .debug_macro   0x0002e66a      0x17e ./Application/User/Core/gpio.o
 .debug_macro   0x0002e7e8      0x19b ./Application/User/Core/gpio.o
 .debug_macro   0x0002e983       0x5d ./Application/User/Core/gpio.o
 .debug_macro   0x0002e9e0     0x3b99 ./Application/User/Core/gpio.o
 .debug_macro   0x00032579     0x1072 ./Application/User/Core/gpio.o
 .debug_macro   0x000335eb      0x154 ./Application/User/Core/gpio.o
 .debug_macro   0x0003373f      0x130 ./Application/User/Core/gpio.o
 .debug_macro   0x0003386f      0x3c2 ./Application/User/Core/gpio.o
 .debug_macro   0x00033c31       0xac ./Application/User/Core/gpio.o
 .debug_macro   0x00033cdd      0x72d ./Application/User/Core/gpio.o
 .debug_macro   0x0003440a      0x228 ./Application/User/Core/gpio.o
 .debug_macro   0x00034632       0x66 ./Application/User/Core/gpio.o
 .debug_macro   0x00034698      0x3bb ./Application/User/Core/gpio.o
 .debug_macro   0x00034a53      0x407 ./Application/User/Core/gpio.o
 .debug_macro   0x00034e5a      0x27c ./Application/User/Core/gpio.o
 .debug_macro   0x000350d6      0x3ca ./Application/User/Core/gpio.o
 .debug_macro   0x000354a0      0x4a2 ./Application/User/Core/gpio.o
 .debug_macro   0x00035942       0x51 ./Application/User/Core/gpio.o
 .debug_macro   0x00035993       0x4a ./Application/User/Core/gpio.o
 .debug_macro   0x000359dd      0x22c ./Application/User/Core/gpio.o
 .debug_macro   0x00035c09       0x67 ./Application/User/Core/gpio.o
 .debug_macro   0x00035c70       0xa5 ./Application/User/Core/gpio.o
 .debug_macro   0x00035d15      0x218 ./Application/User/Core/gpio.o
 .debug_macro   0x00035f2d      0x2ea ./Application/User/Core/gpio.o
 .debug_macro   0x00036217       0x35 ./Application/User/Core/gpio.o
 .debug_macro   0x0003624c      0x693 ./Application/User/Core/gpio.o
 .debug_macro   0x000368df       0xa6 ./Application/User/Core/gpio.o
 .debug_macro   0x00036985      0x7a4 ./Application/User/Core/gpio.o
 .debug_macro   0x00037129      0x309 ./Application/User/Core/main.o
 .debug_macro   0x00037432       0x1c ./Application/User/Core/main.o
 .debug_macro   0x0003744e       0x3c ./Application/User/Core/main.o
 .debug_macro   0x0003748a       0x10 ./Application/User/Core/main.o
 .debug_macro   0x0003749a       0x1c ./Application/User/Core/main.o
 .debug_macro   0x000374b6       0x16 ./Application/User/Core/main.o
 .debug_macro   0x000374cc      0x146 ./Application/User/Core/main.o
 .debug_macro   0x00037612      0x2aa ./Application/User/Core/stm32h7xx_hal_msp.o
 .debug_macro   0x000378bc      0x2b4 ./Application/User/Core/stm32h7xx_it.o
 .debug_macro   0x00037b70      0x274 ./Application/User/Core/syscalls.o
 .debug_macro   0x00037de4       0x5b ./Application/User/Core/syscalls.o
 .debug_macro   0x00037e3f       0x94 ./Application/User/Core/syscalls.o
 .debug_macro   0x00037ed3       0x57 ./Application/User/Core/syscalls.o
 .debug_macro   0x00037f2a       0x10 ./Application/User/Core/syscalls.o
 .debug_macro   0x00037f3a       0x10 ./Application/User/Core/syscalls.o
 .debug_macro   0x00037f4a       0x10 ./Application/User/Core/syscalls.o
 .debug_macro   0x00037f5a       0x10 ./Application/User/Core/syscalls.o
 .debug_macro   0x00037f6a       0x1c ./Application/User/Core/syscalls.o
 .debug_macro   0x00037f86       0x52 ./Application/User/Core/syscalls.o
 .debug_macro   0x00037fd8       0x22 ./Application/User/Core/syscalls.o
 .debug_macro   0x00037ffa       0x10 ./Application/User/Core/syscalls.o
 .debug_macro   0x0003800a       0x52 ./Application/User/Core/syscalls.o
 .debug_macro   0x0003805c       0xcf ./Application/User/Core/syscalls.o
 .debug_macro   0x0003812b       0x1c ./Application/User/Core/syscalls.o
 .debug_macro   0x00038147       0x3d ./Application/User/Core/syscalls.o
 .debug_macro   0x00038184       0x35 ./Application/User/Core/syscalls.o
 .debug_macro   0x000381b9      0x12c ./Application/User/Core/syscalls.o
 .debug_macro   0x000382e5       0x16 ./Application/User/Core/syscalls.o
 .debug_macro   0x000382fb       0x16 ./Application/User/Core/syscalls.o
 .debug_macro   0x00038311       0x29 ./Application/User/Core/syscalls.o
 .debug_macro   0x0003833a       0x10 ./Application/User/Core/syscalls.o
 .debug_macro   0x0003834a      0x242 ./Application/User/Core/syscalls.o
 .debug_macro   0x0003858c       0x10 ./Application/User/Core/syscalls.o
 .debug_macro   0x0003859c      0x18a ./Application/User/Core/syscalls.o
 .debug_macro   0x00038726       0x16 ./Application/User/Core/syscalls.o
 .debug_macro   0x0003873c       0xce ./Application/User/Core/syscalls.o
 .debug_macro   0x0003880a      0x112 ./Application/User/Core/sysmem.o
 .debug_macro   0x0003891c      0x23c ./Application/User/Core/sysmem.o
 .debug_macro   0x00038b58      0x2b4 ./Application/User/Core/usart.o
 .debug_macro   0x00038e0c      0x2a0 ./Drivers/CMSIS/system_stm32h7xx_dualcore_boot_cm4_cm7.o
 .debug_macro   0x000390ac      0x2ca ./Drivers/STM32H7xx_HAL_Driver/stm32h7xx_hal.o
 .debug_macro   0x00039376      0x2a0 ./Drivers/STM32H7xx_HAL_Driver/stm32h7xx_hal_cortex.o
 .debug_macro   0x00039616      0x2f4 ./Drivers/STM32H7xx_HAL_Driver/stm32h7xx_hal_dma.o
 .debug_macro   0x0003990a      0x2b4 ./Drivers/STM32H7xx_HAL_Driver/stm32h7xx_hal_gpio.o
 .debug_macro   0x00039bbe      0x2b2 ./Drivers/STM32H7xx_HAL_Driver/stm32h7xx_hal_hsem.o
 .debug_macro   0x00039e70      0x2d9 ./Drivers/STM32H7xx_HAL_Driver/stm32h7xx_hal_pwr_ex.o
 .debug_macro   0x0003a149      0x2c4 ./Drivers/STM32H7xx_HAL_Driver/stm32h7xx_hal_rcc.o
 .debug_macro   0x0003a40d      0x2be ./Drivers/STM32H7xx_HAL_Driver/stm32h7xx_hal_rcc_ex.o
 .debug_macro   0x0003a6cb      0x2cb ./Drivers/STM32H7xx_HAL_Driver/stm32h7xx_hal_uart.o
 .debug_macro   0x0003a996      0x2ac ./Drivers/STM32H7xx_HAL_Driver/stm32h7xx_hal_uart_ex.o

.debug_line     0x00000000    0x14f60
 .debug_line    0x00000000      0xa75 ./Application/User/Core/gpio.o
 .debug_line    0x00000a75      0xc3a ./Application/User/Core/main.o
 .debug_line    0x000016af      0xa78 ./Application/User/Core/stm32h7xx_hal_msp.o
 .debug_line    0x00002127      0xb40 ./Application/User/Core/stm32h7xx_it.o
 .debug_line    0x00002c67      0x8be ./Application/User/Core/syscalls.o
 .debug_line    0x00003525      0x59a ./Application/User/Core/sysmem.o
 .debug_line    0x00003abf      0xb31 ./Application/User/Core/usart.o
 .debug_line    0x000045f0       0x7b ./Application/User/Startup/startup_stm32h755zitx.o
 .debug_line    0x0000466b      0xca1 ./Drivers/CMSIS/system_stm32h7xx_dualcore_boot_cm4_cm7.o
 .debug_line    0x0000530c     0x11af ./Drivers/STM32H7xx_HAL_Driver/stm32h7xx_hal.o
 .debug_line    0x000064bb     0x103f ./Drivers/STM32H7xx_HAL_Driver/stm32h7xx_hal_cortex.o
 .debug_line    0x000074fa     0x29cd ./Drivers/STM32H7xx_HAL_Driver/stm32h7xx_hal_dma.o
 .debug_line    0x00009ec7      0xee6 ./Drivers/STM32H7xx_HAL_Driver/stm32h7xx_hal_gpio.o
 .debug_line    0x0000adad      0xbeb ./Drivers/STM32H7xx_HAL_Driver/stm32h7xx_hal_hsem.o
 .debug_line    0x0000b998     0x1318 ./Drivers/STM32H7xx_HAL_Driver/stm32h7xx_hal_pwr_ex.o
 .debug_line    0x0000ccb0     0x16f4 ./Drivers/STM32H7xx_HAL_Driver/stm32h7xx_hal_rcc.o
 .debug_line    0x0000e3a4     0x2018 ./Drivers/STM32H7xx_HAL_Driver/stm32h7xx_hal_rcc_ex.o
 .debug_line    0x000103bc     0x3bcb ./Drivers/STM32H7xx_HAL_Driver/stm32h7xx_hal_uart.o
 .debug_line    0x00013f87      0xfd9 ./Drivers/STM32H7xx_HAL_Driver/stm32h7xx_hal_uart_ex.o

.debug_str      0x00000000   0x17df84
 .debug_str     0x00000000   0x17df84 ./Application/User/Core/gpio.o
                             0x176976 (size before relaxing)
 .debug_str     0x0017df84   0x1779f0 ./Application/User/Core/main.o
 .debug_str     0x0017df84   0x176976 ./Application/User/Core/stm32h7xx_hal_msp.o
 .debug_str     0x0017df84   0x176db6 ./Application/User/Core/stm32h7xx_it.o
 .debug_str     0x0017df84     0x9a02 ./Application/User/Core/syscalls.o
 .debug_str     0x0017df84     0x77ac ./Application/User/Core/sysmem.o
 .debug_str     0x0017df84   0x177cad ./Application/User/Core/usart.o
 .debug_str     0x0017df84       0xb2 ./Application/User/Startup/startup_stm32h755zitx.o
 .debug_str     0x0017df84   0x176d7a ./Drivers/CMSIS/system_stm32h7xx_dualcore_boot_cm4_cm7.o
 .debug_str     0x0017df84   0x177de0 ./Drivers/STM32H7xx_HAL_Driver/stm32h7xx_hal.o
 .debug_str     0x0017df84   0x17764e ./Drivers/STM32H7xx_HAL_Driver/stm32h7xx_hal_cortex.o
 .debug_str     0x0017df84   0x1773e1 ./Drivers/STM32H7xx_HAL_Driver/stm32h7xx_hal_dma.o
 .debug_str     0x0017df84   0x176cd2 ./Drivers/STM32H7xx_HAL_Driver/stm32h7xx_hal_gpio.o
 .debug_str     0x0017df84   0x17695d ./Drivers/STM32H7xx_HAL_Driver/stm32h7xx_hal_hsem.o
 .debug_str     0x0017df84   0x1771e4 ./Drivers/STM32H7xx_HAL_Driver/stm32h7xx_hal_pwr_ex.o
 .debug_str     0x0017df84   0x177053 ./Drivers/STM32H7xx_HAL_Driver/stm32h7xx_hal_rcc.o
 .debug_str     0x0017df84   0x177588 ./Drivers/STM32H7xx_HAL_Driver/stm32h7xx_hal_rcc_ex.o
 .debug_str     0x0017df84   0x177b81 ./Drivers/STM32H7xx_HAL_Driver/stm32h7xx_hal_uart.o
 .debug_str     0x0017df84   0x177141 ./Drivers/STM32H7xx_HAL_Driver/stm32h7xx_hal_uart_ex.o

.comment        0x00000000       0x43
 .comment       0x00000000       0x43 ./Application/User/Core/gpio.o
                                 0x44 (size before relaxing)
 .comment       0x00000043       0x44 ./Application/User/Core/main.o
 .comment       0x00000043       0x44 ./Application/User/Core/stm32h7xx_hal_msp.o
 .comment       0x00000043       0x44 ./Application/User/Core/stm32h7xx_it.o
 .comment       0x00000043       0x44 ./Application/User/Core/syscalls.o
 .comment       0x00000043       0x44 ./Application/User/Core/sysmem.o
 .comment       0x00000043       0x44 ./Application/User/Core/usart.o
 .comment       0x00000043       0x44 ./Drivers/CMSIS/system_stm32h7xx_dualcore_boot_cm4_cm7.o
 .comment       0x00000043       0x44 ./Drivers/STM32H7xx_HAL_Driver/stm32h7xx_hal.o
 .comment       0x00000043       0x44 ./Drivers/STM32H7xx_HAL_Driver/stm32h7xx_hal_cortex.o
 .comment       0x00000043       0x44 ./Drivers/STM32H7xx_HAL_Driver/stm32h7xx_hal_dma.o
 .comment       0x00000043       0x44 ./Drivers/STM32H7xx_HAL_Driver/stm32h7xx_hal_gpio.o
 .comment       0x00000043       0x44 ./Drivers/STM32H7xx_HAL_Driver/stm32h7xx_hal_hsem.o
 .comment       0x00000043       0x44 ./Drivers/STM32H7xx_HAL_Driver/stm32h7xx_hal_pwr_ex.o
 .comment       0x00000043       0x44 ./Drivers/STM32H7xx_HAL_Driver/stm32h7xx_hal_rcc.o
 .comment       0x00000043       0x44 ./Drivers/STM32H7xx_HAL_Driver/stm32h7xx_hal_rcc_ex.o
 .comment       0x00000043       0x44 ./Drivers/STM32H7xx_HAL_Driver/stm32h7xx_hal_uart.o
 .comment       0x00000043       0x44 ./Drivers/STM32H7xx_HAL_Driver/stm32h7xx_hal_uart_ex.o

.debug_frame    0x00000000     0x365c
 .debug_frame   0x00000000       0x34 ./Application/User/Core/gpio.o
 .debug_frame   0x00000034       0xd8 ./Application/User/Core/main.o
 .debug_frame   0x0000010c       0x34 ./Application/User/Core/stm32h7xx_hal_msp.o
 .debug_frame   0x00000140      0x114 ./Application/User/Core/stm32h7xx_it.o
 .debug_frame   0x00000254      0x288 ./Application/User/Core/syscalls.o
 .debug_frame   0x000004dc       0x34 ./Application/User/Core/sysmem.o
 .debug_frame   0x00000510       0x78 ./Application/User/Core/usart.o
 .debug_frame   0x00000588       0x60 ./Drivers/CMSIS/system_stm32h7xx_dualcore_boot_cm4_cm7.o
 .debug_frame   0x000005e8      0x76c ./Drivers/STM32H7xx_HAL_Driver/stm32h7xx_hal.o
 .debug_frame   0x00000d54      0x4b8 ./Drivers/STM32H7xx_HAL_Driver/stm32h7xx_hal_cortex.o
 .debug_frame   0x0000120c      0x290 ./Drivers/STM32H7xx_HAL_Driver/stm32h7xx_hal_dma.o
 .debug_frame   0x0000149c      0x130 ./Drivers/STM32H7xx_HAL_Driver/stm32h7xx_hal_gpio.o
 .debug_frame   0x000015cc      0x194 ./Drivers/STM32H7xx_HAL_Driver/stm32h7xx_hal_hsem.o
 .debug_frame   0x00001760      0x56c ./Drivers/STM32H7xx_HAL_Driver/stm32h7xx_hal_pwr_ex.o
 .debug_frame   0x00001ccc      0x1e4 ./Drivers/STM32H7xx_HAL_Driver/stm32h7xx_hal_rcc.o
 .debug_frame   0x00001eb0      0x3f8 ./Drivers/STM32H7xx_HAL_Driver/stm32h7xx_hal_rcc_ex.o
 .debug_frame   0x000022a8      0xa1c ./Drivers/STM32H7xx_HAL_Driver/stm32h7xx_hal_uart.o
 .debug_frame   0x00002cc4      0x29c ./Drivers/STM32H7xx_HAL_Driver/stm32h7xx_hal_uart_ex.o
 .debug_frame   0x00002f60      0x144 C:/ST/STM32CubeIDE_2.1.1/STM32CubeIDE/plugins/com.st.stm32cube.ide.mcu.externaltools.gnu-tools-for-stm32.14.3.rel1.win32_1.0.100.202602081740/tools/bin/../lib/gcc/arm-none-eabi/14.3.1/../../../../arm-none-eabi/lib/thumb/v7e-m+dp/hard\libc_nano.a(libc_a-findfp.o)
 .debug_frame   0x000030a4       0x34 C:/ST/STM32CubeIDE_2.1.1/STM32CubeIDE/plugins/com.st.stm32cube.ide.mcu.externaltools.gnu-tools-for-stm32.14.3.rel1.win32_1.0.100.202602081740/tools/bin/../lib/gcc/arm-none-eabi/14.3.1/../../../../arm-none-eabi/lib/thumb/v7e-m+dp/hard\libc_nano.a(libc_a-fwalk.o)
 .debug_frame   0x000030d8       0x3c C:/ST/STM32CubeIDE_2.1.1/STM32CubeIDE/plugins/com.st.stm32cube.ide.mcu.externaltools.gnu-tools-for-stm32.14.3.rel1.win32_1.0.100.202602081740/tools/bin/../lib/gcc/arm-none-eabi/14.3.1/../../../../arm-none-eabi/lib/thumb/v7e-m+dp/hard\libc_nano.a(libc_a-puts.o)
 .debug_frame   0x00003114       0x88 C:/ST/STM32CubeIDE_2.1.1/STM32CubeIDE/plugins/com.st.stm32cube.ide.mcu.externaltools.gnu-tools-for-stm32.14.3.rel1.win32_1.0.100.202602081740/tools/bin/../lib/gcc/arm-none-eabi/14.3.1/../../../../arm-none-eabi/lib/thumb/v7e-m+dp/hard\libc_nano.a(libc_a-stdio.o)
 .debug_frame   0x0000319c       0x40 C:/ST/STM32CubeIDE_2.1.1/STM32CubeIDE/plugins/com.st.stm32cube.ide.mcu.externaltools.gnu-tools-for-stm32.14.3.rel1.win32_1.0.100.202602081740/tools/bin/../lib/gcc/arm-none-eabi/14.3.1/../../../../arm-none-eabi/lib/thumb/v7e-m+dp/hard\libc_nano.a(libc_a-wbuf.o)
 .debug_frame   0x000031dc       0x2c C:/ST/STM32CubeIDE_2.1.1/STM32CubeIDE/plugins/com.st.stm32cube.ide.mcu.externaltools.gnu-tools-for-stm32.14.3.rel1.win32_1.0.100.202602081740/tools/bin/../lib/gcc/arm-none-eabi/14.3.1/../../../../arm-none-eabi/lib/thumb/v7e-m+dp/hard\libc_nano.a(libc_a-wsetup.o)
 .debug_frame   0x00003208       0x20 C:/ST/STM32CubeIDE_2.1.1/STM32CubeIDE/plugins/com.st.stm32cube.ide.mcu.externaltools.gnu-tools-for-stm32.14.3.rel1.win32_1.0.100.202602081740/tools/bin/../lib/gcc/arm-none-eabi/14.3.1/../../../../arm-none-eabi/lib/thumb/v7e-m+dp/hard\libc_nano.a(libc_a-memset.o)
 .debug_frame   0x00003228       0x2c C:/ST/STM32CubeIDE_2.1.1/STM32CubeIDE/plugins/com.st.stm32cube.ide.mcu.externaltools.gnu-tools-for-stm32.14.3.rel1.win32_1.0.100.202602081740/tools/bin/../lib/gcc/arm-none-eabi/14.3.1/../../../../arm-none-eabi/lib/thumb/v7e-m+dp/hard\libc_nano.a(libc_a-closer.o)
 .debug_frame   0x00003254       0x38 C:/ST/STM32CubeIDE_2.1.1/STM32CubeIDE/plugins/com.st.stm32cube.ide.mcu.externaltools.gnu-tools-for-stm32.14.3.rel1.win32_1.0.100.202602081740/tools/bin/../lib/gcc/arm-none-eabi/14.3.1/../../../../arm-none-eabi/lib/thumb/v7e-m+dp/hard\libc_nano.a(libc_a-reent.o)
 .debug_frame   0x0000328c       0x2c C:/ST/STM32CubeIDE_2.1.1/STM32CubeIDE/plugins/com.st.stm32cube.ide.mcu.externaltools.gnu-tools-for-stm32.14.3.rel1.win32_1.0.100.202602081740/tools/bin/../lib/gcc/arm-none-eabi/14.3.1/../../../../arm-none-eabi/lib/thumb/v7e-m+dp/hard\libc_nano.a(libc_a-lseekr.o)
 .debug_frame   0x000032b8       0x2c C:/ST/STM32CubeIDE_2.1.1/STM32CubeIDE/plugins/com.st.stm32cube.ide.mcu.externaltools.gnu-tools-for-stm32.14.3.rel1.win32_1.0.100.202602081740/tools/bin/../lib/gcc/arm-none-eabi/14.3.1/../../../../arm-none-eabi/lib/thumb/v7e-m+dp/hard\libc_nano.a(libc_a-readr.o)
 .debug_frame   0x000032e4       0x2c C:/ST/STM32CubeIDE_2.1.1/STM32CubeIDE/plugins/com.st.stm32cube.ide.mcu.externaltools.gnu-tools-for-stm32.14.3.rel1.win32_1.0.100.202602081740/tools/bin/../lib/gcc/arm-none-eabi/14.3.1/../../../../arm-none-eabi/lib/thumb/v7e-m+dp/hard\libc_nano.a(libc_a-writer.o)