C:/workspace/tenic/tenic_motorcontrol_FOC_20260701/stm32h755_foc_algorithm/CM7/Core/Src/main.c:78:5:main	7
C:/workspace/tenic/tenic_motorcontrol_FOC_20260701/stm32h755_foc_algorithm/CM7/Core/Src/main.c:164:6:SystemClock_Config	4
C:/workspace/tenic/tenic_motorcontrol_FOC_20260701/stm32h755_foc_algorithm/CM7/Core/Src/main.c:221:1:__io_putchar	1
C:/workspace/tenic/tenic_motorcontrol_FOC_20260701/stm32h755_foc_algorithm/CM7/Core/Src/main.c:228:5:_write	2
C:/workspace/tenic/tenic_motorcontrol_FOC_20260701/stm32h755_foc_algorithm/CM7/Core/Src/main.c:242:6:MPU_Config	1
C:/workspace/tenic/tenic_motorcontrol_FOC_20260701/stm32h755_foc_algorithm/CM7/Core/Src/main.c:273:6:Error_Handler	1
